Wed Nov 12 22:19:17 2025       
+-----------------------------------------------------------------------------------------+
| NVIDIA-SMI 570.86.10              Driver Version: 570.86.10      CUDA Version: 12.8     |
|-----------------------------------------+------------------------+----------------------+
| GPU  Name                 Persistence-M | Bus-Id          Disp.A | Volatile Uncorr. ECC |
| Fan  Temp   Perf          Pwr:Usage/Cap |           Memory-Usage | GPU-Util  Compute M. |
|                                         |                        |               MIG M. |
|=========================================+========================+======================|
|   0  NVIDIA A100-SXM4-40GB          Off |   00000000:31:00.0 Off |                    0 |
| N/A   45C    P0             38W /  400W |       1MiB /  40960MiB |     27%      Default |
|                                         |                        |             Disabled |
+-----------------------------------------+------------------------+----------------------+
                                                                                         
+-----------------------------------------------------------------------------------------+
| Processes:                                                                              |
|  GPU   GI   CI              PID   Type   Process name                        GPU Memory |
|        ID   ID                                                               Usage      |
|=========================================================================================|
|  No running processes found                                                             |
+-----------------------------------------------------------------------------------------+
Namespace(gpu=0, disease='AD', feature='ko,species', model_type='MTMFTransformer', use_config=False, use_bottleneck=True, use_cross_atn=True, btn_init='embed', batch_size=16, learning_rate=0.0001, n_layers=2, num_bottleneck=4, m_layers=2, hidden_size=32, n_blocks=2)
['ko', 'species']
['CRR1012336', 'CRR1012349', 'CRR1012358', 'CRR1012371', 'CRR1012380']
['CRR1012336', 'CRR1012349', 'CRR1012358', 'CRR1012371', 'CRR1012380']
Load dataset from ./Data/AD/ko_abundance.csv
Load dataset from ./Data/AD/species_abundance.csv
Counter({1: 98, 0: 50}) Counter({1: 24, 0: 13})
./results/AD/MTMFTransformer.csv
{'n_layers': 2, 'num_bottleneck': 4, 'inputs_dim': OrderedDict([('f1_input', (148, 2258)), ('f2_input', (148, 449))]), 'use_bottleneck': True, 'btn_init': 'embed', 'use_cross_atn': True}
  epoch    train_loss    valid_acc    valid_loss     dur
-------  ------------  -----------  ------------  ------
      1        [36m0.6745[0m       [32m0.7667[0m        [35m0.5358[0m  3.2328
      2        [36m0.6517[0m       0.7667        0.5603  2.5546
      3        [36m0.6294[0m       0.7667        0.5487  2.5596
      4        [36m0.6176[0m       [32m0.8000[0m        0.5665  2.5587
      5        [36m0.5941[0m       0.8000        0.5401  2.5632
      6        [36m0.5866[0m       0.7667        0.5551  2.5641
      7        [36m0.5779[0m       0.8000        [35m0.5291[0m  2.5646
      8        [36m0.5441[0m       0.7667        0.5362  2.5711
      9        [36m0.5400[0m       0.7000        0.5544  2.5736
     10        [36m0.4911[0m       [32m0.8333[0m        [35m0.5161[0m  2.5739
     11        [36m0.4660[0m       0.7000        0.5302  2.5783
     12        [36m0.4431[0m       0.8000        0.5455  2.5829
     13        [36m0.3828[0m       0.7667        0.5356  2.5847
     14        [36m0.3348[0m       0.7667        0.5357  2.5853
     15        [36m0.2776[0m       0.6333        0.5811  2.5888
     16        0.3144       0.5000        0.6720  2.5900
     17        0.2901       0.7333        0.5910  2.5927
     18        0.4529       0.6333        0.7102  2.5974
     19        0.3606       0.6000        0.6429  2.5965
     20        [36m0.2635[0m       0.6667        0.5866  2.6002
     21        [36m0.1869[0m       0.7667        0.6485  2.6011
     22        [36m0.1086[0m       0.7333        0.7261  2.6045
     23        [36m0.0657[0m       0.7000        0.8647  2.6058
     24        [36m0.0519[0m       0.6667        0.8508  2.6089
Stopping since valid_loss has not improved in the last 15 epochs.
(37,)
(37, 2, 1)
['ko', 'species']
['CRR1012336', 'CRR1012349', 'CRR1012358', 'CRR1012371', 'CRR1012380']
['CRR1012336', 'CRR1012349', 'CRR1012358', 'CRR1012371', 'CRR1012380']
Load dataset from ./Data/AD/ko_abundance.csv
Load dataset from ./Data/AD/species_abundance.csv
Counter({1: 98, 0: 50}) Counter({1: 24, 0: 13})
./results/AD/MTMFTransformer.csv
OrderedDict([('n_layers', 2), ('num_bottleneck', 4), ('lr', 0.0001), ('batch_size', 16), ('use_bottleneck', True), ('btn_init', 'embed'), ('use_cross_atn', True), ('seed', 412), ('mode', 0), ('feature', 'ko,species')])
{'n_layers': 2, 'num_bottleneck': 4, 'inputs_dim': OrderedDict([('f1_input', (148, 2258)), ('f2_input', (148, 449))]), 'use_bottleneck': True, 'btn_init': 'embed', 'use_cross_atn': True}
  epoch    train_loss    valid_acc    valid_loss     dur
-------  ------------  -----------  ------------  ------
      1        [36m0.6457[0m       [32m0.6667[0m        [35m0.6506[0m  2.6098
      2        [36m0.5861[0m       0.6667        [35m0.6381[0m  2.6167
      3        [36m0.5732[0m       0.6667        [35m0.6334[0m  2.6189
      4        [36m0.5568[0m       0.6667        0.6513  2.6217
      5        [36m0.5479[0m       0.6667        0.6438  2.6235
      6        [36m0.5471[0m       0.6667        0.6475  2.6246
      7        [36m0.5127[0m       0.6667        [35m0.6159[0m  2.6254
      8        [36m0.4869[0m       0.6667        0.8347  2.6283
      9        [36m0.4815[0m       0.6000        0.6174  2.6299
     10        [36m0.4188[0m       0.6667        0.8218  2.6345
     11        [36m0.3676[0m       0.6333        0.7614  2.6408
     12        [36m0.3177[0m       0.6333        0.8038  2.6424
     13        [36m0.2348[0m       0.6000        0.7647  2.6426
     14        [36m0.1596[0m       0.6000        0.9359  2.6454
     15        [36m0.0904[0m       0.6667        0.9087  2.6491
     16        [36m0.0700[0m       0.6667        0.9611  2.6573
     17        [36m0.0648[0m       0.6333        0.9848  2.6770
     18        [36m0.0273[0m       [32m0.7000[0m        1.0762  2.6915
     19        0.0281       0.6000        1.3092  2.7083
     20        [36m0.0184[0m       0.6333        1.3247  2.7219
     21        0.0200       0.6667        1.3444  2.7269
Stopping since valid_loss has not improved in the last 15 epochs.
(37,)
(37, 2, 1)
['ko', 'species']
['CRR1012336', 'CRR1012349', 'CRR1012358', 'CRR1012371', 'CRR1012380']
['CRR1012336', 'CRR1012349', 'CRR1012358', 'CRR1012371', 'CRR1012380']
Load dataset from ./Data/AD/ko_abundance.csv
Load dataset from ./Data/AD/species_abundance.csv
Counter({1: 98, 0: 50}) Counter({1: 24, 0: 13})
./results/AD/MTMFTransformer.csv
OrderedDict([('n_layers', 2), ('num_bottleneck', 4), ('lr', 0.0001), ('batch_size', 16), ('use_bottleneck', True), ('btn_init', 'embed'), ('use_cross_atn', True), ('seed', 432), ('mode', 0), ('feature', 'ko,species')])
{'n_layers': 2, 'num_bottleneck': 4, 'inputs_dim': OrderedDict([('f1_input', (148, 2258)), ('f2_input', (148, 449))]), 'use_bottleneck': True, 'btn_init': 'embed', 'use_cross_atn': True}
  epoch    train_loss    valid_acc    valid_loss     dur
-------  ------------  -----------  ------------  ------
      1        [36m0.6373[0m       [32m0.6333[0m        [35m0.6532[0m  2.7380
      2        [36m0.6350[0m       0.6333        0.6726  2.7744
      3        [36m0.6107[0m       0.6333        0.6546  2.7782
      4        [36m0.5976[0m       0.6333        0.6799  2.7803
      5        [36m0.5813[0m       0.6333        0.6727  2.7976
      6        [36m0.5668[0m       0.6333        0.6993  2.7996
      7        [36m0.5494[0m       0.6333        0.7191  2.7971
      8        [36m0.5290[0m       0.6333        0.7314  2.8421
      9        [36m0.5047[0m       0.6333        0.7779  2.8367
     10        [36m0.4656[0m       0.6333        0.8391  2.8242
     11        [36m0.4314[0m       0.6000        0.8730  2.8198
     12        [36m0.3801[0m       [32m0.6667[0m        0.8875  2.8499
     13        [36m0.3392[0m       0.5333        0.8891  2.8239
     14        [36m0.2502[0m       0.5000        1.0209  2.8323
     15        [36m0.1651[0m       0.5667        1.2463  2.8336
Stopping since valid_loss has not improved in the last 15 epochs.
(37,)
(37, 2, 1)
['ko', 'species']
['CRR1012336', 'CRR1012349', 'CRR1012358', 'CRR1012371', 'CRR1012380']
['CRR1012336', 'CRR1012349', 'CRR1012358', 'CRR1012371', 'CRR1012380']
Load dataset from ./Data/AD/ko_abundance.csv
Load dataset from ./Data/AD/species_abundance.csv
Counter({1: 98, 0: 50}) Counter({1: 24, 0: 13})
./results/AD/MTMFTransformer.csv
OrderedDict([('n_layers', 2), ('num_bottleneck', 4), ('lr', 0.0001), ('batch_size', 16), ('use_bottleneck', True), ('btn_init', 'embed'), ('use_cross_atn', True), ('seed', 452), ('mode', 0), ('feature', 'ko,species')])
{'n_layers': 2, 'num_bottleneck': 4, 'inputs_dim': OrderedDict([('f1_input', (148, 2258)), ('f2_input', (148, 449))]), 'use_bottleneck': True, 'btn_init': 'embed', 'use_cross_atn': True}
  epoch    train_loss    valid_acc    valid_loss     dur
-------  ------------  -----------  ------------  ------
      1        [36m0.6784[0m       [32m0.6333[0m        [35m0.6607[0m  2.8275
      2        [36m0.6448[0m       0.6333        [35m0.6605[0m  2.8241
      3        [36m0.6392[0m       0.6333        0.6650  2.8446
      4        [36m0.6327[0m       0.6333        0.6611  2.8453
      5        [36m0.6291[0m       0.6333        0.6609  2.8488
      6        0.6294       0.6333        0.6638  2.8459
      7        [36m0.6247[0m       0.6333        0.6707  2.8473
      8        [36m0.6221[0m       0.6333        0.6693  2.9226
      9        [36m0.6092[0m       0.6333        0.6678  2.8728
     10        [36m0.5948[0m       0.6333        0.6679  2.8640
     11        [36m0.5833[0m       0.6333        0.6854  2.8645
     12        [36m0.5633[0m       0.6333        0.7269  2.8631
     13        [36m0.5254[0m       0.6333        0.7597  2.8640
     14        [36m0.4662[0m       0.5667        0.8132  2.8615
     15        [36m0.4138[0m       0.6000        0.9126  2.9066
     16        [36m0.4119[0m       0.4000        0.9769  2.8960
Stopping since valid_loss has not improved in the last 15 epochs.
(37,)
(37, 2, 1)
['ko', 'species']
['CRR1012336', 'CRR1012349', 'CRR1012358', 'CRR1012371', 'CRR1012380']
['CRR1012336', 'CRR1012349', 'CRR1012358', 'CRR1012371', 'CRR1012380']
Load dataset from ./Data/AD/ko_abundance.csv
Load dataset from ./Data/AD/species_abundance.csv
Counter({1: 98, 0: 50}) Counter({1: 24, 0: 13})
./results/AD/MTMFTransformer.csv
OrderedDict([('n_layers', 2), ('num_bottleneck', 4), ('lr', 0.0001), ('batch_size', 16), ('use_bottleneck', True), ('btn_init', 'embed'), ('use_cross_atn', True), ('seed', 472), ('mode', 0), ('feature', 'ko,species')])
{'n_layers': 2, 'num_bottleneck': 4, 'inputs_dim': OrderedDict([('f1_input', (148, 2258)), ('f2_input', (148, 449))]), 'use_bottleneck': True, 'btn_init': 'embed', 'use_cross_atn': True}
  epoch    train_loss    valid_acc    valid_loss     dur
-------  ------------  -----------  ------------  ------
      1        [36m0.6421[0m       [32m0.6333[0m        [35m0.6735[0m  2.8554
      2        [36m0.6294[0m       0.6333        [35m0.6536[0m  2.8588
      3        [36m0.6235[0m       0.6333        0.6539  2.8652
      4        [36m0.6202[0m       0.6333        [35m0.6518[0m  2.8990
      5        [36m0.6108[0m       0.6333        [35m0.6508[0m  2.9033
      6        [36m0.6011[0m       0.6333        [35m0.6409[0m  2.8910
      7        [36m0.5858[0m       0.6333        [35m0.6380[0m  2.8779
      8        [36m0.5738[0m       0.6333        0.6598  2.8781
      9        [36m0.5553[0m       0.6333        0.6694  2.8796
     10        [36m0.5291[0m       0.6333        0.6723  2.8785
     11        [36m0.5127[0m       0.6333        0.6755  2.8781
     12        [36m0.4948[0m       0.6333        0.7618  2.8775
     13        [36m0.4767[0m       0.6333        0.7459  2.8811
     14        [36m0.4499[0m       0.6333        0.8441  2.8843
     15        [36m0.4332[0m       0.6333        0.7854  2.8849
     16        [36m0.3931[0m       0.6333        0.8454  2.8867
     17        [36m0.3456[0m       [32m0.7333[0m        0.7099  2.8889
     18        [36m0.2929[0m       0.6667        0.8210  2.8817
     19        [36m0.2408[0m       0.7000        1.0076  2.8869
     20        0.3492       0.6333        0.8088  2.8884
     21        [36m0.1756[0m       0.7000        0.8570  2.8852
Stopping since valid_loss has not improved in the last 15 epochs.
(37,)
(37, 2, 1)
