Wed Nov 12 21:09:49 2025       
+-----------------------------------------------------------------------------------------+
| NVIDIA-SMI 570.86.10              Driver Version: 570.86.10      CUDA Version: 12.8     |
|-----------------------------------------+------------------------+----------------------+
| GPU  Name                 Persistence-M | Bus-Id          Disp.A | Volatile Uncorr. ECC |
| Fan  Temp   Perf          Pwr:Usage/Cap |           Memory-Usage | GPU-Util  Compute M. |
|                                         |                        |               MIG M. |
|=========================================+========================+======================|
|   0  NVIDIA A100-SXM4-40GB          Off |   00000000:31:00.0 Off |                    0 |
| N/A   44C    P0             39W /  400W |       1MiB /  40960MiB |     27%      Default |
|                                         |                        |             Disabled |
+-----------------------------------------+------------------------+----------------------+
                                                                                         
+-----------------------------------------------------------------------------------------+
| Processes:                                                                              |
|  GPU   GI   CI              PID   Type   Process name                        GPU Memory |
|        ID   ID                                                               Usage      |
|=========================================================================================|
|  No running processes found                                                             |
+-----------------------------------------------------------------------------------------+
Namespace(gpu=0, disease='EW-T2D', feature='ko,species', model_type='FT', use_config=False, use_bottleneck=False, use_cross_atn=False, btn_init='embed', batch_size=8, learning_rate=0.0001, n_layers=2, num_bottleneck=4, m_layers=2, hidden_size=32, n_blocks=6)
['ko', 'species']
Load dataset from ./Data/EW-T2D/ko_abundance.csv
Counter({1: 42, 0: 34}) Counter({1: 11, 0: 9})
./results/EW-T2D/FT.csv
{'n_blocks': 6, 'last_layer_query_idx': [-1], 'd_out': 1, 'cat_cardinalities': None, 'n_num_features': 1315}
1315
  epoch    train_loss    valid_acc    valid_loss     dur
-------  ------------  -----------  ------------  ------
      1        [36m0.8388[0m       [32m0.5000[0m        [35m0.6914[0m  1.7544
      2        [36m0.7215[0m       0.5000        0.6967  0.9115
      3        [36m0.6808[0m       [32m0.6875[0m        [35m0.6799[0m  0.9107
      4        0.6831       0.5000        0.7126  0.9119
      5        0.7262       0.5000        [35m0.6696[0m  0.9137
      6        [36m0.6658[0m       [32m0.7500[0m        [35m0.6339[0m  0.9144
      7        [36m0.6222[0m       0.6875        [35m0.6011[0m  0.9106
      8        0.6569       0.6875        0.7877  0.9137
      9        [36m0.5999[0m       0.6875        0.6123  0.9155
     10        0.6854       0.5625        0.6801  0.9161
     11        [36m0.5771[0m       0.6250        0.6952  0.9139
     12        [36m0.4332[0m       0.7500        0.6672  0.9165
     13        0.4587       0.6250        0.7577  0.9172
     14        0.4653       0.6250        0.7726  0.9178
     15        [36m0.4203[0m       0.6875        0.8616  0.9174
     16        [36m0.3814[0m       0.7500        0.9345  0.9185
     17        [36m0.3044[0m       0.7500        0.9912  0.9191
     18        [36m0.2567[0m       0.5000        1.9331  0.9194
     19        0.4583       0.6250        0.8559  0.9195
     20        0.3341       0.5000        1.1099  0.9184
     21        0.3426       0.7500        0.8223  0.9210
Stopping since valid_loss has not improved in the last 15 epochs.
(20,)
(20, 2, 1)
['ko', 'species']
Load dataset from ./Data/EW-T2D/ko_abundance.csv
Counter({1: 42, 0: 34}) Counter({1: 11, 0: 9})
./results/EW-T2D/FT.csv
OrderedDict([('batch_size', 8), ('lr', 0.0001), ('n_blocks', 6), ('seed', 412), ('mode', 0), ('feature', 'ko,species')])
{'n_blocks': 6, 'last_layer_query_idx': [-1], 'd_out': 1, 'cat_cardinalities': None, 'n_num_features': 1315}
1315
  epoch    train_loss    valid_acc    valid_loss     dur
-------  ------------  -----------  ------------  ------
      1        [36m0.7538[0m       [32m0.3750[0m        [35m0.7011[0m  0.9181
      2        [36m0.7199[0m       [32m0.7500[0m        [35m0.6819[0m  0.9190
      3        0.7280       0.6250        [35m0.6507[0m  0.9187
      4        [36m0.6845[0m       0.6250        0.6783  0.9233
      5        0.6901       0.6250        [35m0.6266[0m  0.9221
      6        [36m0.6591[0m       0.6250        0.6840  0.9246
      7        [36m0.5986[0m       0.6250        0.6703  0.9254
      8        0.6287       0.6250        0.8471  0.9242
      9        0.6029       0.6250        [35m0.5798[0m  0.9262
     10        [36m0.5655[0m       0.5625        0.8278  0.9258
     11        0.5896       0.5625        0.8998  0.9259
     12        [36m0.5277[0m       0.6250        0.6636  0.9265
     13        [36m0.5101[0m       0.5625        0.9369  0.9275
     14        [36m0.3079[0m       0.6875        0.9494  0.9267
     15        [36m0.1103[0m       0.5625        1.2052  0.9283
     16        [36m0.1030[0m       0.5625        1.0986  0.9270
     17        0.1928       0.5000        1.9422  0.9271
     18        0.1147       0.5625        1.7204  0.9272
     19        0.3312       0.6875        1.1897  0.9275
     20        0.1451       0.5000        1.7021  0.9284
     21        [36m0.0580[0m       0.5625        1.3493  0.9289
     22        [36m0.0269[0m       0.5625        1.4713  0.9293
     23        [36m0.0068[0m       0.5000        2.1064  0.9301
Stopping since valid_loss has not improved in the last 15 epochs.
(20,)
(20, 2, 1)
['ko', 'species']
Load dataset from ./Data/EW-T2D/ko_abundance.csv
Counter({1: 42, 0: 34}) Counter({1: 11, 0: 9})
./results/EW-T2D/FT.csv
OrderedDict([('batch_size', 8), ('lr', 0.0001), ('n_blocks', 6), ('seed', 432), ('mode', 0), ('feature', 'ko,species')])
{'n_blocks': 6, 'last_layer_query_idx': [-1], 'd_out': 1, 'cat_cardinalities': None, 'n_num_features': 1315}
1315
  epoch    train_loss    valid_acc    valid_loss     dur
-------  ------------  -----------  ------------  ------
      1        [36m0.8215[0m       [32m0.6250[0m        [35m0.6811[0m  0.9286
      2        [36m0.7129[0m       0.5000        0.6903  0.9277
      3        0.7387       0.6250        [35m0.6447[0m  0.9313
      4        [36m0.6875[0m       0.3750        0.7697  0.9310
      5        [36m0.6774[0m       0.6250        0.6468  0.9322
      6        0.7121       0.6250        [35m0.6201[0m  0.9310
      7        [36m0.6591[0m       0.5000        0.7082  0.9328
      8        [36m0.6343[0m       [32m0.6875[0m        [35m0.5310[0m  0.9337
      9        [36m0.6310[0m       [32m0.7500[0m        0.5897  0.9300
     10        [36m0.6063[0m       0.6875        0.6124  0.9308
     11        0.6139       0.5625        0.6510  0.9343
     12        [36m0.4855[0m       0.6875        [35m0.5094[0m  0.9324
     13        0.5219       0.4375        0.9626  0.9324
     14        0.4991       0.5625        0.6715  0.9340
     15        [36m0.4286[0m       0.5625        0.6503  0.9343
     16        [36m0.3954[0m       0.4375        0.9995  0.9365
     17        [36m0.3627[0m       0.5625        0.7860  0.9360
     18        [36m0.2701[0m       0.6250        0.9451  0.9358
     19        [36m0.1753[0m       0.5000        1.1510  0.9362
     20        [36m0.1245[0m       0.4375        1.8206  0.9382
     21        0.3880       0.5625        1.3618  0.9365
     22        [36m0.1088[0m       0.5625        1.0780  0.9391
     23        [36m0.0750[0m       0.6250        1.0988  0.9387
     24        [36m0.0530[0m       0.6250        1.3515  0.9392
     25        0.1040       0.5625        2.0693  0.9397
     26        0.1046       0.4375        2.2624  0.9389
Stopping since valid_loss has not improved in the last 15 epochs.
(20,)
(20, 2, 1)
['ko', 'species']
Load dataset from ./Data/EW-T2D/ko_abundance.csv
Counter({1: 42, 0: 34}) Counter({1: 11, 0: 9})
./results/EW-T2D/FT.csv
OrderedDict([('batch_size', 8), ('lr', 0.0001), ('n_blocks', 6), ('seed', 452), ('mode', 0), ('feature', 'ko,species')])
{'n_blocks': 6, 'last_layer_query_idx': [-1], 'd_out': 1, 'cat_cardinalities': None, 'n_num_features': 1315}
1315
  epoch    train_loss    valid_acc    valid_loss     dur
-------  ------------  -----------  ------------  ------
      1        [36m0.7498[0m       [32m0.3750[0m        [35m0.9133[0m  0.9384
      2        [36m0.7234[0m       [32m0.6875[0m        [35m0.6934[0m  0.9366
      3        0.7259       0.3750        0.7741  0.9378
      4        [36m0.7088[0m       0.3750        0.8962  0.9410
      5        [36m0.6628[0m       0.4375        0.7027  0.9410
      6        0.6820       0.6250        0.6956  0.9445
      7        [36m0.6358[0m       0.3750        0.7516  0.9422
      8        [36m0.6093[0m       0.6250        0.7436  0.9442
      9        [36m0.5676[0m       0.5000        0.7302  0.9441
     10        [36m0.5138[0m       0.4375        0.9345  0.9427
     11        0.6354       0.5000        0.7257  0.9431
     12        0.5453       0.5625        0.8261  0.9442
     13        [36m0.4259[0m       0.5625        0.9414  0.9437
     14        [36m0.3766[0m       0.6250        1.2044  0.9456
     15        0.3815       0.5000        1.0986  0.9449
     16        [36m0.3759[0m       0.4375        1.8801  0.9456
Stopping since valid_loss has not improved in the last 15 epochs.
(20,)
(20, 2, 1)
['ko', 'species']
Load dataset from ./Data/EW-T2D/ko_abundance.csv
Counter({1: 42, 0: 34}) Counter({1: 11, 0: 9})
./results/EW-T2D/FT.csv
OrderedDict([('batch_size', 8), ('lr', 0.0001), ('n_blocks', 6), ('seed', 472), ('mode', 0), ('feature', 'ko,species')])
{'n_blocks': 6, 'last_layer_query_idx': [-1], 'd_out': 1, 'cat_cardinalities': None, 'n_num_features': 1315}
1315
  epoch    train_loss    valid_acc    valid_loss     dur
-------  ------------  -----------  ------------  ------
      1        [36m0.7405[0m       [32m0.6250[0m        [35m0.6579[0m  0.9431
      2        [36m0.6885[0m       0.4375        0.6852  0.9426
      3        0.7041       [32m0.6875[0m        0.6678  0.9456
      4        [36m0.6790[0m       [32m0.7500[0m        [35m0.6208[0m  0.9431
      5        [36m0.6660[0m       0.7500        [35m0.5591[0m  0.9433
      6        [36m0.6193[0m       0.7500        [35m0.5239[0m  0.9478
      7        0.6237       [32m0.8125[0m        [35m0.4908[0m  0.9497
      8        [36m0.5828[0m       0.7500        0.5915  0.9465
      9        [36m0.5235[0m       0.6875        0.5441  0.9495
     10        [36m0.4900[0m       0.3750        1.0648  0.9487
     11        0.5637       0.7500        [35m0.4442[0m  0.9499
     12        [36m0.3559[0m       0.7500        [35m0.4417[0m  0.9494
     13        [36m0.2373[0m       0.7500        0.5788  0.9502
     14        0.3412       0.5000        1.3935  0.9521
     15        0.4070       0.6875        0.7862  0.9501
     16        0.2929       0.7500        0.7917  0.9497
     17        [36m0.2342[0m       0.6250        0.9325  0.9507
     18        0.2691       0.8125        0.7578  0.9514
     19        [36m0.0861[0m       0.8125        0.7144  0.9518
     20        [36m0.0698[0m       0.7500        0.8280  0.9514
     21        [36m0.0134[0m       0.7500        0.9367  0.9528
     22        [36m0.0102[0m       0.7500        0.9558  0.9553
     23        [36m0.0065[0m       0.7500        0.8103  0.9959
     24        [36m0.0056[0m       0.8125        0.8917  0.9765
     25        [36m0.0046[0m       0.7500        0.9038  0.9634
     26        [36m0.0041[0m       0.8125        0.9854  0.9616
Stopping since valid_loss has not improved in the last 15 epochs.
(20,)
(20, 2, 1)
