Wed Nov 12 22:29:17 2025       
+-----------------------------------------------------------------------------------------+
| NVIDIA-SMI 570.86.10              Driver Version: 570.86.10      CUDA Version: 12.8     |
|-----------------------------------------+------------------------+----------------------+
| GPU  Name                 Persistence-M | Bus-Id          Disp.A | Volatile Uncorr. ECC |
| Fan  Temp   Perf          Pwr:Usage/Cap |           Memory-Usage | GPU-Util  Compute M. |
|                                         |                        |               MIG M. |
|=========================================+========================+======================|
|   0  NVIDIA A100-SXM4-40GB          Off |   00000000:31:00.0 Off |                    0 |
| N/A   49C    P0             40W /  400W |       1MiB /  40960MiB |     27%      Default |
|                                         |                        |             Disabled |
+-----------------------------------------+------------------------+----------------------+
                                                                                         
+-----------------------------------------------------------------------------------------+
| Processes:                                                                              |
|  GPU   GI   CI              PID   Type   Process name                        GPU Memory |
|        ID   ID                                                               Usage      |
|=========================================================================================|
|  No running processes found                                                             |
+-----------------------------------------------------------------------------------------+
Namespace(gpu=0, disease='AD', feature='ko', model_type='FT', use_config=False, use_bottleneck=False, use_cross_atn=False, btn_init='embed', batch_size=16, learning_rate=0.0001, n_layers=2, num_bottleneck=4, m_layers=2, hidden_size=32, n_blocks=4)
['ko']
Load dataset from ./Data/AD/ko_abundance.csv
Counter({1: 98, 0: 50}) Counter({1: 24, 0: 13})
./results/AD/FT.csv
OrderedDict([('batch_size', 16), ('lr', 0.0001), ('n_blocks', 4), ('seed', 392), ('mode', 0), ('feature', 'ko')])
{'n_blocks': 4, 'last_layer_query_idx': [-1], 'd_out': 1, 'cat_cardinalities': None, 'n_num_features': 2258}
2258
  epoch    train_loss    valid_acc    valid_loss     dur
-------  ------------  -----------  ------------  ------
      1        [36m0.7459[0m       [32m0.7667[0m        [35m0.6152[0m  2.9086
      2        [36m0.6619[0m       0.7667        [35m0.5539[0m  2.2493
      3        [36m0.6511[0m       0.7667        0.6028  2.2530
      4        0.6627       0.7667        0.5772  2.2566
      5        0.6892       0.7667        [35m0.5464[0m  2.2587
      6        0.6681       0.7667        0.6570  2.2632
      7        0.6578       0.7667        0.5659  2.2701
      8        0.6585       0.7667        0.5586  2.2714
      9        0.6536       0.7667        0.5655  2.2745
     10        [36m0.6462[0m       0.7667        0.5892  2.2775
     11        0.6500       0.7667        0.5917  2.2805
     12        0.6516       0.7667        0.5630  2.2807
     13        0.6596       0.7667        0.5541  2.2805
     14        [36m0.6340[0m       0.7667        0.6164  2.2860
     15        0.6390       0.7667        0.5519  2.2856
     16        0.6404       0.7667        0.5500  2.2903
     17        [36m0.6119[0m       0.7000        0.6239  2.2918
     18        0.6369       0.7667        0.5512  2.2935
     19        [36m0.5892[0m       0.7667        [35m0.5451[0m  2.2960
     20        [36m0.5242[0m       0.7000        0.5586  2.3013
     21        [36m0.5193[0m       0.6667        0.5669  2.3018
     22        [36m0.4265[0m       0.5333        0.8484  2.3051
     23        [36m0.3757[0m       0.6333        0.7751  2.3078
     24        [36m0.3401[0m       0.6667        0.7506  2.3109
     25        [36m0.2497[0m       0.5333        1.1441  2.3135
     26        [36m0.2410[0m       0.6667        1.0156  2.3168
     27        [36m0.1148[0m       0.6667        1.1792  2.3179
     28        [36m0.0886[0m       0.7667        0.9084  2.3164
     29        0.4887       0.6333        0.8580  2.3251
     30        0.4902       0.4333        0.7429  2.3277
     31        0.4413       0.7000        [35m0.5321[0m  2.3284
     32        0.3646       0.7000        0.6265  2.3320
     33        0.3097       0.7333        0.6777  2.3362
     34        0.1526       0.4333        1.5162  2.3348
     35        0.1342       0.7000        0.9242  2.3366
     36        [36m0.0382[0m       0.6333        1.1907  2.3401
     37        [36m0.0257[0m       0.7000        1.2610  2.3510
     38        [36m0.0160[0m       0.6333        1.4340  2.3724
     39        [36m0.0142[0m       0.7000        1.3649  2.4005
     40        [36m0.0115[0m       0.7000        1.3747  2.4017
     41        [36m0.0106[0m       0.7000        1.4063  2.4226
     42        [36m0.0090[0m       0.6333        1.4719  2.4403
     43        [36m0.0083[0m       0.6333        1.5223  2.4591
     44        [36m0.0076[0m       0.6333        1.5455  2.4895
     45        [36m0.0068[0m       0.6333        1.5634  2.4774
Stopping since valid_loss has not improved in the last 15 epochs.
(37,)
(37, 2, 1)
['ko']
Load dataset from ./Data/AD/ko_abundance.csv
Counter({1: 98, 0: 50}) Counter({1: 24, 0: 13})
./results/AD/FT.csv
OrderedDict([('batch_size', 16), ('lr', 0.0001), ('n_blocks', 4), ('seed', 412), ('mode', 0), ('feature', 'ko')])
{'n_blocks': 4, 'last_layer_query_idx': [-1], 'd_out': 1, 'cat_cardinalities': None, 'n_num_features': 2258}
2258
  epoch    train_loss    valid_acc    valid_loss     dur
-------  ------------  -----------  ------------  ------
      1        [36m0.6620[0m       [32m0.5333[0m        [35m0.6915[0m  2.4770
      2        [36m0.6500[0m       [32m0.6667[0m        [35m0.6631[0m  2.4990
      3        0.6500       0.6667        [35m0.6383[0m  2.5245
      4        [36m0.6357[0m       0.6667        0.6399  2.5526
      5        [36m0.6193[0m       0.6667        0.6437  2.5491
      6        0.6312       0.6667        0.6638  2.5484
      7        0.6700       0.6667        0.6607  2.5504
      8        0.6633       0.6667        0.6734  2.5525
      9        0.6254       0.6667        0.6533  2.5538
     10        0.6290       0.6667        0.6456  2.5542
     11        [36m0.6156[0m       0.6667        0.6583  2.5409
     12        [36m0.5966[0m       0.6000        0.6847  2.6250
     13        [36m0.5772[0m       0.6000        0.7301  2.6202
     14        [36m0.5634[0m       0.5667        0.7500  2.6044
     15        [36m0.5383[0m       0.6000        0.7025  2.5997
     16        [36m0.5363[0m       0.5333        0.7482  2.6031
     17        [36m0.4995[0m       0.6667        0.8131  2.6043
Stopping since valid_loss has not improved in the last 15 epochs.
(37,)
(37, 2, 1)
['ko']
Load dataset from ./Data/AD/ko_abundance.csv
Counter({1: 98, 0: 50}) Counter({1: 24, 0: 13})
./results/AD/FT.csv
OrderedDict([('batch_size', 16), ('lr', 0.0001), ('n_blocks', 4), ('seed', 432), ('mode', 0), ('feature', 'ko')])
{'n_blocks': 4, 'last_layer_query_idx': [-1], 'd_out': 1, 'cat_cardinalities': None, 'n_num_features': 2258}
2258
  epoch    train_loss    valid_acc    valid_loss     dur
-------  ------------  -----------  ------------  ------
      1        [36m0.6584[0m       [32m0.6333[0m        [35m0.6552[0m  2.5602
      2        [36m0.6253[0m       0.6333        0.6699  2.5650
      3        0.6334       0.6333        0.6555  2.5672
      4        0.6284       0.6333        [35m0.6506[0m  2.5669
      5        0.6703       0.6333        0.6730  2.5688
      6        0.6346       0.6333        0.6596  2.5692
      7        [36m0.6157[0m       0.6333        [35m0.6500[0m  2.5593
      8        [36m0.6063[0m       [32m0.6667[0m        0.6644  2.5742
      9        [36m0.5982[0m       0.5333        0.6923  2.5931
     10        [36m0.5668[0m       0.5333        0.7393  2.6151
     11        0.6069       0.6333        0.7359  2.5925
     12        [36m0.5630[0m       0.5333        0.7652  2.5899
     13        [36m0.5287[0m       0.5333        0.8028  2.5955
     14        [36m0.4785[0m       0.5000        0.9828  2.5976
     15        [36m0.4181[0m       0.5000        1.1087  2.5984
     16        0.4711       0.4667        1.1877  2.5976
     17        [36m0.2977[0m       0.5667        1.0925  2.5968
     18        0.3464       0.3000        1.4920  2.5973
     19        0.3936       0.4333        1.3474  2.5951
     20        [36m0.1848[0m       0.4000        1.5420  2.5938
     21        [36m0.1034[0m       0.4667        1.7073  2.5974
Stopping since valid_loss has not improved in the last 15 epochs.
(37,)
(37, 2, 1)
['ko']
Load dataset from ./Data/AD/ko_abundance.csv
Counter({1: 98, 0: 50}) Counter({1: 24, 0: 13})
./results/AD/FT.csv
OrderedDict([('batch_size', 16), ('lr', 0.0001), ('n_blocks', 4), ('seed', 452), ('mode', 0), ('feature', 'ko')])
{'n_blocks': 4, 'last_layer_query_idx': [-1], 'd_out': 1, 'cat_cardinalities': None, 'n_num_features': 2258}
2258
  epoch    train_loss    valid_acc    valid_loss     dur
-------  ------------  -----------  ------------  ------
      1        [36m0.7049[0m       [32m0.6333[0m        [35m0.6662[0m  2.5709
      2        [36m0.6765[0m       0.6333        0.6823  2.5908
      3        [36m0.6361[0m       0.6333        [35m0.6627[0m  2.6287
      4        [36m0.6290[0m       0.6333        [35m0.6579[0m  2.6152
      5        0.6380       0.6333        0.6673  2.6107
      6        [36m0.6283[0m       0.6333        0.6583  2.6119
      7        0.6344       0.6333        0.6592  2.6141
      8        0.6311       0.6333        0.6658  2.5987
      9        [36m0.6137[0m       0.6333        [35m0.6551[0m  2.5951
     10        0.6362       0.6333        0.6658  2.5918
     11        0.6263       0.6333        0.6582  2.5940
     12        0.6480       0.6333        0.6617  2.5959
     13        0.6191       0.6333        0.7013  2.5982
     14        [36m0.5924[0m       0.6000        0.6628  2.5979
     15        [36m0.5890[0m       0.6000        0.7007  2.5975
     16        [36m0.5680[0m       0.5667        0.7227  2.5951
     17        [36m0.5573[0m       0.6000        0.7222  2.5911
     18        [36m0.5527[0m       0.6333        0.7891  2.5957
     19        0.5969       0.6000        0.6792  2.5975
     20        [36m0.5498[0m       0.6000        0.6998  2.5990
     21        [36m0.4602[0m       0.6333        0.8291  2.5970
     22        0.4853       0.4667        1.2144  2.5955
     23        [36m0.4419[0m       0.6333        0.8830  2.5936
Stopping since valid_loss has not improved in the last 15 epochs.
(37,)
(37, 2, 1)
['ko']
Load dataset from ./Data/AD/ko_abundance.csv
Counter({1: 98, 0: 50}) Counter({1: 24, 0: 13})
./results/AD/FT.csv
OrderedDict([('batch_size', 16), ('lr', 0.0001), ('n_blocks', 4), ('seed', 472), ('mode', 0), ('feature', 'ko')])
{'n_blocks': 4, 'last_layer_query_idx': [-1], 'd_out': 1, 'cat_cardinalities': None, 'n_num_features': 2258}
2258
  epoch    train_loss    valid_acc    valid_loss     dur
-------  ------------  -----------  ------------  ------
      1        [36m0.6712[0m       [32m0.6333[0m        [35m0.6598[0m  2.5848
      2        [36m0.6546[0m       0.6333        [35m0.6588[0m  2.5867
      3        [36m0.6371[0m       0.6333        [35m0.6564[0m  2.5940
      4        [36m0.6370[0m       0.6333        [35m0.6549[0m  2.5965
      5        0.6404       0.6333        0.6567  2.5941
      6        [36m0.6344[0m       0.6333        0.6561  2.5935
      7        [36m0.6276[0m       0.6333        0.6703  2.6513
      8        [36m0.6237[0m       0.6333        [35m0.6481[0m  2.6340
      9        [36m0.6048[0m       0.6333        0.6600  2.6278
     10        0.6139       0.6000        [35m0.6454[0m  2.6287
     11        [36m0.5965[0m       0.6333        0.7175  2.6226
     12        0.6012       0.6000        0.7057  2.6287
     13        [36m0.5912[0m       0.6333        [35m0.6294[0m  2.6273
     14        [36m0.5415[0m       0.6333        0.6591  2.6247
     15        0.5687       0.6333        0.7324  2.6240
     16        [36m0.5124[0m       0.6333        0.7877  2.6057
     17        0.5751       [32m0.6667[0m        [35m0.6125[0m  2.6088
     18        [36m0.5069[0m       0.6333        0.6206  2.5826
     19        0.5293       0.6667        0.6880  2.5863
     20        [36m0.4429[0m       0.6667        0.7326  2.5918
     21        [36m0.3486[0m       0.6667        0.7325  2.6151
     22        [36m0.2536[0m       [32m0.7000[0m        0.7799  2.6274
     23        [36m0.1577[0m       0.6667        0.9727  2.6125
     24        0.2057       [32m0.7333[0m        0.8490  2.6195
     25        [36m0.0969[0m       0.6667        0.8897  2.6092
     26        [36m0.0590[0m       0.5667        1.2433  2.6064
     27        [36m0.0453[0m       0.6000        1.3859  2.5961
     28        0.0822       0.6667        1.5002  2.5973
     29        0.5470       0.6667        1.4693  2.5955
     30        0.6317       0.6000        0.7707  2.5964
     31        0.4644       0.7000        0.6909  2.5981
Stopping since valid_loss has not improved in the last 15 epochs.
(37,)
(37, 2, 1)
