Wed Nov 12 22:45:20 2025       
+-----------------------------------------------------------------------------------------+
| NVIDIA-SMI 570.86.10              Driver Version: 570.86.10      CUDA Version: 12.8     |
|-----------------------------------------+------------------------+----------------------+
| GPU  Name                 Persistence-M | Bus-Id          Disp.A | Volatile Uncorr. ECC |
| Fan  Temp   Perf          Pwr:Usage/Cap |           Memory-Usage | GPU-Util  Compute M. |
|                                         |                        |               MIG M. |
|=========================================+========================+======================|
|   0  NVIDIA A100-SXM4-40GB          Off |   00000000:31:00.0 Off |                    0 |
| N/A   43C    P0             38W /  400W |       1MiB /  40960MiB |     27%      Default |
|                                         |                        |             Disabled |
+-----------------------------------------+------------------------+----------------------+
                                                                                         
+-----------------------------------------------------------------------------------------+
| Processes:                                                                              |
|  GPU   GI   CI              PID   Type   Process name                        GPU Memory |
|        ID   ID                                                               Usage      |
|=========================================================================================|
|  No running processes found                                                             |
+-----------------------------------------------------------------------------------------+
Namespace(gpu=0, disease='AD', feature='ko', model_type='FT', use_config=False, use_bottleneck=False, use_cross_atn=False, btn_init='embed', batch_size=16, learning_rate=0.0001, n_layers=2, num_bottleneck=4, m_layers=2, hidden_size=32, n_blocks=4)
['ko']
Load dataset from ./Data/AD/ko_abundance.csv
Counter({1: 98, 0: 50}) Counter({1: 24, 0: 13})
./results/AD/FT.csv
OrderedDict([('batch_size', 16), ('lr', 0.0001), ('n_blocks', 4), ('seed', 392), ('mode', 0), ('feature', 'ko')])
paras has trained.
['ko']
Load dataset from ./Data/AD/ko_abundance.csv
Counter({1: 98, 0: 50}) Counter({1: 24, 0: 13})
./results/AD/FT.csv
OrderedDict([('batch_size', 16), ('lr', 0.0001), ('n_blocks', 4), ('seed', 412), ('mode', 0), ('feature', 'ko')])
paras has trained.
['ko']
Load dataset from ./Data/AD/ko_abundance.csv
Counter({1: 98, 0: 50}) Counter({1: 24, 0: 13})
./results/AD/FT.csv
OrderedDict([('batch_size', 16), ('lr', 0.0001), ('n_blocks', 4), ('seed', 432), ('mode', 0), ('feature', 'ko')])
paras has trained.
['ko']
Load dataset from ./Data/AD/ko_abundance.csv
Counter({1: 98, 0: 50}) Counter({1: 24, 0: 13})
./results/AD/FT.csv
OrderedDict([('batch_size', 16), ('lr', 0.0001), ('n_blocks', 4), ('seed', 452), ('mode', 0), ('feature', 'ko')])
paras has trained.
['ko']
Load dataset from ./Data/AD/ko_abundance.csv
Counter({1: 98, 0: 50}) Counter({1: 24, 0: 13})
./results/AD/FT.csv
OrderedDict([('batch_size', 16), ('lr', 0.0001), ('n_blocks', 4), ('seed', 472), ('mode', 0), ('feature', 'ko')])
paras has trained.
