Wed Nov 12 22:25:47 2025       
+-----------------------------------------------------------------------------------------+
| NVIDIA-SMI 570.86.10              Driver Version: 570.86.10      CUDA Version: 12.8     |
|-----------------------------------------+------------------------+----------------------+
| GPU  Name                 Persistence-M | Bus-Id          Disp.A | Volatile Uncorr. ECC |
| Fan  Temp   Perf          Pwr:Usage/Cap |           Memory-Usage | GPU-Util  Compute M. |
|                                         |                        |               MIG M. |
|=========================================+========================+======================|
|   0  NVIDIA A100-SXM4-40GB          Off |   00000000:31:00.0 Off |                    0 |
| N/A   59C    P0             45W /  400W |       1MiB /  40960MiB |     27%      Default |
|                                         |                        |             Disabled |
+-----------------------------------------+------------------------+----------------------+
                                                                                         
+-----------------------------------------------------------------------------------------+
| Processes:                                                                              |
|  GPU   GI   CI              PID   Type   Process name                        GPU Memory |
|        ID   ID                                                               Usage      |
|=========================================================================================|
|  No running processes found                                                             |
+-----------------------------------------------------------------------------------------+
Namespace(gpu=0, disease='AD', feature='ko,species', model_type='MTMFTransformer', use_config=False, use_bottleneck=True, use_cross_atn=True, btn_init='embed', batch_size=16, learning_rate=0.0001, n_layers=2, num_bottleneck=4, m_layers=2, hidden_size=32, n_blocks=2)
['ko', 'species']
['CRR1012336', 'CRR1012349', 'CRR1012358', 'CRR1012371', 'CRR1012380']
['CRR1012336', 'CRR1012349', 'CRR1012358', 'CRR1012371', 'CRR1012380']
Load dataset from ./Data/AD/ko_abundance.csv
Load dataset from ./Data/AD/species_abundance.csv
Counter({1: 98, 0: 50}) Counter({1: 24, 0: 13})
./results/AD/MTMFTransformer.csv
OrderedDict([('n_layers', 2), ('num_bottleneck', 4), ('lr', 0.0001), ('batch_size', 16), ('use_bottleneck', True), ('btn_init', 'embed'), ('use_cross_atn', True), ('seed', 392), ('mode', 0), ('feature', 'ko,species')])
paras has trained.
['ko', 'species']
['CRR1012336', 'CRR1012349', 'CRR1012358', 'CRR1012371', 'CRR1012380']
['CRR1012336', 'CRR1012349', 'CRR1012358', 'CRR1012371', 'CRR1012380']
Load dataset from ./Data/AD/ko_abundance.csv
Load dataset from ./Data/AD/species_abundance.csv
Counter({1: 98, 0: 50}) Counter({1: 24, 0: 13})
./results/AD/MTMFTransformer.csv
OrderedDict([('n_layers', 2), ('num_bottleneck', 4), ('lr', 0.0001), ('batch_size', 16), ('use_bottleneck', True), ('btn_init', 'embed'), ('use_cross_atn', True), ('seed', 412), ('mode', 0), ('feature', 'ko,species')])
paras has trained.
['ko', 'species']
['CRR1012336', 'CRR1012349', 'CRR1012358', 'CRR1012371', 'CRR1012380']
['CRR1012336', 'CRR1012349', 'CRR1012358', 'CRR1012371', 'CRR1012380']
Load dataset from ./Data/AD/ko_abundance.csv
Load dataset from ./Data/AD/species_abundance.csv
Counter({1: 98, 0: 50}) Counter({1: 24, 0: 13})
./results/AD/MTMFTransformer.csv
OrderedDict([('n_layers', 2), ('num_bottleneck', 4), ('lr', 0.0001), ('batch_size', 16), ('use_bottleneck', True), ('btn_init', 'embed'), ('use_cross_atn', True), ('seed', 432), ('mode', 0), ('feature', 'ko,species')])
paras has trained.
['ko', 'species']
['CRR1012336', 'CRR1012349', 'CRR1012358', 'CRR1012371', 'CRR1012380']
['CRR1012336', 'CRR1012349', 'CRR1012358', 'CRR1012371', 'CRR1012380']
Load dataset from ./Data/AD/ko_abundance.csv
Load dataset from ./Data/AD/species_abundance.csv
Counter({1: 98, 0: 50}) Counter({1: 24, 0: 13})
./results/AD/MTMFTransformer.csv
OrderedDict([('n_layers', 2), ('num_bottleneck', 4), ('lr', 0.0001), ('batch_size', 16), ('use_bottleneck', True), ('btn_init', 'embed'), ('use_cross_atn', True), ('seed', 452), ('mode', 0), ('feature', 'ko,species')])
paras has trained.
['ko', 'species']
['CRR1012336', 'CRR1012349', 'CRR1012358', 'CRR1012371', 'CRR1012380']
['CRR1012336', 'CRR1012349', 'CRR1012358', 'CRR1012371', 'CRR1012380']
Load dataset from ./Data/AD/ko_abundance.csv
Load dataset from ./Data/AD/species_abundance.csv
Counter({1: 98, 0: 50}) Counter({1: 24, 0: 13})
./results/AD/MTMFTransformer.csv
OrderedDict([('n_layers', 2), ('num_bottleneck', 4), ('lr', 0.0001), ('batch_size', 16), ('use_bottleneck', True), ('btn_init', 'embed'), ('use_cross_atn', True), ('seed', 472), ('mode', 0), ('feature', 'ko,species')])
paras has trained.
Namespace(gpu=0, disease='AD', feature='species', model_type='FT', use_config=False, use_bottleneck=False, use_cross_atn=False, btn_init='embed', batch_size=16, learning_rate=0.0001, n_layers=2, num_bottleneck=4, m_layers=2, hidden_size=32, n_blocks=4)
['species']
Load dataset from ./Data/AD/species_abundance.csv
Counter({1: 98, 0: 50}) Counter({1: 24, 0: 13})
./results/AD/FT.csv
{'n_blocks': 4, 'last_layer_query_idx': [-1], 'd_out': 1, 'cat_cardinalities': None, 'n_num_features': 449}
449
  epoch    train_loss    valid_acc    valid_loss     dur
-------  ------------  -----------  ------------  ------
      1        [36m0.6935[0m       [32m0.7667[0m        [35m0.6059[0m  0.8612
      2        [36m0.6811[0m       0.7667        [35m0.5738[0m  0.2081
      3        [36m0.6759[0m       0.7667        [35m0.5520[0m  0.2083
      4        [36m0.6482[0m       0.7667        0.6048  0.2081
      5        0.6496       0.7667        0.5908  0.2081
      6        0.6490       0.7667        [35m0.5462[0m  0.2080
      7        0.6568       0.7667        0.5931  0.2082
      8        0.6625       0.7667        0.5590  0.2082
      9        [36m0.6442[0m       0.7667        0.5998  0.2081
     10        0.6553       0.7667        0.5536  0.2091
     11        [36m0.6240[0m       0.7667        0.5852  0.2081
     12        [36m0.6007[0m       0.7333        0.5684  0.2081
     13        [36m0.5039[0m       0.7333        [35m0.5454[0m  0.2080
     14        [36m0.3135[0m       0.7000        0.6345  0.2081
     15        [36m0.1824[0m       0.3000        2.0081  0.2081
     16        0.7068       0.6000        0.8613  0.2082
     17        0.4265       [32m0.8000[0m        0.5687  0.2083
     18        0.2101       0.6333        0.8125  0.2085
     19        [36m0.1256[0m       0.6667        0.7433  0.2090
     20        [36m0.0814[0m       0.7333        0.8480  0.2092
     21        0.0864       0.7333        0.9159  0.2093
     22        0.2405       0.7000        0.9317  0.2084
     23        0.2294       0.7667        0.8932  0.2090
     24        0.1503       0.7667        0.8079  0.2088
     25        0.1068       0.5667        1.1644  0.2095
     26        [36m0.0724[0m       0.7667        0.8449  0.2086
     27        [36m0.0712[0m       0.7000        0.9653  0.2092
Stopping since valid_loss has not improved in the last 15 epochs.
(37,)
(37, 2, 1)
['species']
Load dataset from ./Data/AD/species_abundance.csv
Counter({1: 98, 0: 50}) Counter({1: 24, 0: 13})
./results/AD/FT.csv
OrderedDict([('batch_size', 16), ('lr', 0.0001), ('n_blocks', 4), ('seed', 412), ('mode', 0), ('feature', 'species')])
{'n_blocks': 4, 'last_layer_query_idx': [-1], 'd_out': 1, 'cat_cardinalities': None, 'n_num_features': 449}
449
  epoch    train_loss    valid_acc    valid_loss     dur
-------  ------------  -----------  ------------  ------
      1        [36m0.7292[0m       [32m0.6667[0m        [35m0.6562[0m  0.2084
      2        [36m0.6664[0m       0.6667        [35m0.6348[0m  0.2088
      3        [36m0.6345[0m       0.6667        0.6352  0.2088
      4        0.6435       0.6667        0.6353  0.2098
      5        0.6548       0.6667        0.6416  0.2098
      6        0.6388       0.6667        0.6370  0.2096
      7        0.6481       0.6667        0.6351  0.2094
      8        0.6572       0.6667        0.6377  0.2091
      9        0.6424       0.6667        [35m0.6321[0m  0.2097
     10        [36m0.6289[0m       0.6667        [35m0.6319[0m  0.2099
     11        0.6306       0.6667        [35m0.6259[0m  0.2092
     12        0.6319       0.6667        0.6262  0.2095
     13        [36m0.6143[0m       0.6667        [35m0.6093[0m  0.2096
     14        [36m0.5677[0m       0.6667        0.6845  0.2098
     15        [36m0.4899[0m       [32m0.7000[0m        0.6860  0.2087
     16        [36m0.3224[0m       0.6333        0.7845  0.2084
     17        [36m0.2211[0m       [32m0.7333[0m        0.7765  0.2089
     18        [36m0.0950[0m       0.7333        0.9274  0.2094
     19        [36m0.0359[0m       0.6667        1.1200  0.2096
     20        [36m0.0262[0m       0.5667        1.5827  0.2085
     21        [36m0.0189[0m       0.7333        1.1640  0.2092
     22        [36m0.0141[0m       0.5667        1.7340  0.2098
     23        [36m0.0125[0m       0.5667        1.6248  0.2098
     24        [36m0.0104[0m       0.7333        1.1830  0.2096
     25        0.0114       0.5667        1.9427  0.2097
     26        [36m0.0078[0m       0.7333        1.2888  0.2088
     27        [36m0.0076[0m       0.7333        1.3383  0.2090
Stopping since valid_loss has not improved in the last 15 epochs.
(37,)
(37, 2, 1)
['species']
Load dataset from ./Data/AD/species_abundance.csv
Counter({1: 98, 0: 50}) Counter({1: 24, 0: 13})
./results/AD/FT.csv
OrderedDict([('batch_size', 16), ('lr', 0.0001), ('n_blocks', 4), ('seed', 432), ('mode', 0), ('feature', 'species')])
{'n_blocks': 4, 'last_layer_query_idx': [-1], 'd_out': 1, 'cat_cardinalities': None, 'n_num_features': 449}
449
  epoch    train_loss    valid_acc    valid_loss     dur
-------  ------------  -----------  ------------  ------
      1        [36m0.6402[0m       [32m0.6333[0m        [35m0.6607[0m  0.2092
      2        0.6576       0.6333        0.6628  0.2087
      3        0.6471       0.6333        0.6771  0.2097
      4        0.6621       0.6333        0.6654  0.2083
      5        0.6656       0.6333        0.7121  0.2086
      6        [36m0.6401[0m       0.6333        [35m0.6580[0m  0.2091
      7        [36m0.6393[0m       0.6333        0.6619  0.2101
      8        [36m0.6283[0m       0.6333        0.6643  0.2098
      9        0.6342       0.6333        0.6682  0.2098
     10        [36m0.6184[0m       0.6333        [35m0.6566[0m  0.2095
     11        0.6284       0.6333        0.6568  0.2097
     12        0.6189       0.6333        0.6585  0.2099
     13        [36m0.5994[0m       0.6333        0.6577  0.2099
     14        [36m0.5748[0m       0.3667        0.7793  0.2083
     15        0.5831       0.6333        0.7830  0.2094
     16        [36m0.4620[0m       0.5333        0.6858  0.2098
     17        [36m0.3317[0m       0.5667        0.9940  0.2097
     18        [36m0.2903[0m       0.6333        1.3021  0.2103
     19        0.3324       0.5000        1.0812  0.2096
     20        [36m0.1290[0m       0.5333        1.0422  0.2099
     21        [36m0.0863[0m       0.6000        1.1387  0.2096
     22        [36m0.0281[0m       0.6333        1.2993  0.2101
     23        [36m0.0154[0m       0.5667        1.6108  0.2098
     24        [36m0.0129[0m       0.6000        1.5651  0.2099
Stopping since valid_loss has not improved in the last 15 epochs.
(37,)
(37, 2, 1)
['species']
Load dataset from ./Data/AD/species_abundance.csv
Counter({1: 98, 0: 50}) Counter({1: 24, 0: 13})
./results/AD/FT.csv
OrderedDict([('batch_size', 16), ('lr', 0.0001), ('n_blocks', 4), ('seed', 452), ('mode', 0), ('feature', 'species')])
{'n_blocks': 4, 'last_layer_query_idx': [-1], 'd_out': 1, 'cat_cardinalities': None, 'n_num_features': 449}
449
  epoch    train_loss    valid_acc    valid_loss     dur
-------  ------------  -----------  ------------  ------
      1        [36m0.6770[0m       [32m0.6333[0m        [35m0.6750[0m  0.2098
      2        [36m0.6415[0m       0.6333        [35m0.6599[0m  0.2089
      3        [36m0.6316[0m       0.6333        [35m0.6593[0m  0.2100
      4        0.6423       0.6333        0.6677  0.2099
      5        0.6348       0.6333        0.6614  0.2100
      6        0.6326       0.6333        0.6831  0.2099
      7        0.6395       0.6333        0.6597  0.2100
      8        0.6320       0.6333        0.6775  0.2101
      9        [36m0.6257[0m       0.6333        0.6625  0.2101
     10        0.6433       0.6333        0.6688  0.2102
     11        [36m0.6233[0m       0.6333        0.6829  0.2102
     12        0.6270       0.6333        0.6732  0.2101
     13        [36m0.5646[0m       0.6333        0.7325  0.2099
     14        [36m0.4442[0m       0.6333        0.9412  0.2102
     15        [36m0.2410[0m       0.6333        1.2432  0.2099
     16        0.3531       0.6333        1.0867  0.2101
     17        [36m0.1411[0m       0.6333        1.1954  0.2100
Stopping since valid_loss has not improved in the last 15 epochs.
(37,)
(37, 2, 1)
['species']
Load dataset from ./Data/AD/species_abundance.csv
Counter({1: 98, 0: 50}) Counter({1: 24, 0: 13})
./results/AD/FT.csv
OrderedDict([('batch_size', 16), ('lr', 0.0001), ('n_blocks', 4), ('seed', 472), ('mode', 0), ('feature', 'species')])
{'n_blocks': 4, 'last_layer_query_idx': [-1], 'd_out': 1, 'cat_cardinalities': None, 'n_num_features': 449}
449
  epoch    train_loss    valid_acc    valid_loss     dur
-------  ------------  -----------  ------------  ------
      1        [36m0.7062[0m       [32m0.6333[0m        [35m0.6621[0m  0.2098
      2        [36m0.6590[0m       0.6333        0.6783  0.2098
      3        [36m0.6515[0m       0.6333        0.6764  0.2101
      4        [36m0.6424[0m       0.6333        [35m0.6566[0m  0.2099
      5        [36m0.6287[0m       0.6333        0.6655  0.2101
      6        0.6355       0.6333        0.6619  0.2100
      7        0.6307       0.6333        [35m0.6560[0m  0.2100
      8        0.6564       0.6333        [35m0.6549[0m  0.2099
      9        0.6314       0.6333        0.6908  0.2100
     10        0.6400       0.6333        0.6646  0.2104
     11        [36m0.6274[0m       0.6333        [35m0.6530[0m  0.2100
     12        [36m0.6206[0m       0.6333        0.6766  0.2102
     13        0.6382       0.6333        0.6539  0.2100
     14        [36m0.5940[0m       0.6333        [35m0.6510[0m  0.2099
     15        [36m0.5436[0m       0.6333        0.8682  0.2101
     16        [36m0.5296[0m       0.6333        0.6686  0.2103
     17        [36m0.2719[0m       0.5333        0.8123  0.2103
     18        [36m0.1998[0m       [32m0.6667[0m        1.1906  0.2103
     19        [36m0.1171[0m       0.6000        1.4134  0.2096
     20        0.1462       0.6000        1.4833  0.2099
     21        [36m0.1119[0m       0.5333        1.4697  0.2102
     22        [36m0.0699[0m       0.6333        1.5332  0.2102
     23        [36m0.0372[0m       0.5333        1.6231  0.2099
     24        0.0817       0.5667        1.5733  0.2102
     25        [36m0.0273[0m       0.5333        1.7040  0.2105
     26        0.0703       0.6333        1.6139  0.2100
     27        [36m0.0119[0m       0.5333        1.6756  0.2101
     28        0.0170       0.6333        1.6321  0.2101
Stopping since valid_loss has not improved in the last 15 epochs.
(37,)
(37, 2, 1)
