Wed Nov 12 22:15:49 2025       
+-----------------------------------------------------------------------------------------+
| NVIDIA-SMI 570.86.10              Driver Version: 570.86.10      CUDA Version: 12.8     |
|-----------------------------------------+------------------------+----------------------+
| GPU  Name                 Persistence-M | Bus-Id          Disp.A | Volatile Uncorr. ECC |
| Fan  Temp   Perf          Pwr:Usage/Cap |           Memory-Usage | GPU-Util  Compute M. |
|                                         |                        |               MIG M. |
|=========================================+========================+======================|
|   0  NVIDIA A100-SXM4-40GB          Off |   00000000:31:00.0 Off |                    0 |
| N/A   44C    P0             38W /  400W |       1MiB /  40960MiB |     27%      Default |
|                                         |                        |             Disabled |
+-----------------------------------------+------------------------+----------------------+
                                                                                         
+-----------------------------------------------------------------------------------------+
| Processes:                                                                              |
|  GPU   GI   CI              PID   Type   Process name                        GPU Memory |
|        ID   ID                                                               Usage      |
|=========================================================================================|
|  No running processes found                                                             |
+-----------------------------------------------------------------------------------------+
Namespace(gpu=0, disease='EW-T2D', feature='species', model_type='FT', use_config=False, use_bottleneck=False, use_cross_atn=False, btn_init='embed', batch_size=8, learning_rate=0.0001, n_layers=2, num_bottleneck=4, m_layers=2, hidden_size=32, n_blocks=6)
['species']
Load dataset from ./Data/EW-T2D/species_abundance.csv
Counter({1: 42, 0: 34}) Counter({1: 11, 0: 9})
./results/EW-T2D/FT.csv
OrderedDict([('batch_size', 8), ('lr', 0.0001), ('n_blocks', 6), ('seed', 392), ('mode', 0), ('feature', 'species')])
{'n_blocks': 6, 'last_layer_query_idx': [-1], 'd_out': 1, 'cat_cardinalities': None, 'n_num_features': 269}
269
  epoch    train_loss    valid_acc    valid_loss     dur
-------  ------------  -----------  ------------  ------
      1        [36m0.7544[0m       [32m0.5000[0m        [35m0.7716[0m  0.8545
      2        [36m0.6867[0m       0.5000        0.9585  0.1478
      3        0.8420       0.5000        [35m0.7038[0m  0.1473
      4        0.7392       0.5000        0.7135  0.1472
      5        0.7273       0.5000        0.7627  0.1474
      6        0.7008       0.5000        [35m0.6962[0m  0.1472
      7        [36m0.6827[0m       0.5000        [35m0.6949[0m  0.1472
      8        0.6891       0.5000        0.7001  0.1472
      9        0.6877       0.5000        0.7214  0.1473
     10        [36m0.6790[0m       0.5000        0.6976  0.1473
     11        [36m0.6775[0m       0.5000        [35m0.6932[0m  0.1485
     12        [36m0.6766[0m       0.5000        0.7053  0.1473
     13        [36m0.6671[0m       0.5000        0.6963  0.1475
     14        [36m0.6265[0m       0.5000        0.7055  0.1473
     15        [36m0.5201[0m       [32m0.5625[0m        0.7859  0.1473
     16        [36m0.3299[0m       [32m0.6250[0m        1.1796  0.1474
     17        [36m0.1841[0m       0.5000        1.4878  0.1473
     18        0.5184       0.5000        2.0245  0.1472
     19        0.4918       0.5000        0.9879  0.1473
     20        0.2897       0.4375        1.0005  0.1472
     21        [36m0.1268[0m       0.5000        1.3674  0.1471
     22        [36m0.0840[0m       0.4375        1.6494  0.1472
     23        [36m0.0445[0m       0.5625        1.7571  0.1472
     24        [36m0.0265[0m       0.4375        2.0241  0.1473
     25        [36m0.0189[0m       0.5000        1.8917  0.1471
Stopping since valid_loss has not improved in the last 15 epochs.
(20,)
(20, 2, 1)
['species']
Load dataset from ./Data/EW-T2D/species_abundance.csv
Counter({1: 42, 0: 34}) Counter({1: 11, 0: 9})
./results/EW-T2D/FT.csv
OrderedDict([('batch_size', 8), ('lr', 0.0001), ('n_blocks', 6), ('seed', 412), ('mode', 0), ('feature', 'species')])
{'n_blocks': 6, 'last_layer_query_idx': [-1], 'd_out': 1, 'cat_cardinalities': None, 'n_num_features': 269}
269
  epoch    train_loss    valid_acc    valid_loss     dur
-------  ------------  -----------  ------------  ------
      1        [36m0.7209[0m       [32m0.6250[0m        [35m0.6905[0m  0.1479
      2        0.7644       0.3750        0.7529  0.1476
      3        0.7230       0.6250        [35m0.6625[0m  0.1473
      4        [36m0.7068[0m       0.6250        0.6805  0.1474
      5        [36m0.6975[0m       0.6250        0.6870  0.1474
      6        0.6985       0.6250        0.6640  0.1482
      7        [36m0.6761[0m       0.6250        [35m0.6590[0m  0.1473
      8        [36m0.6748[0m       0.5000        0.6983  0.1473
      9        [36m0.6452[0m       0.6250        [35m0.6447[0m  0.1474
     10        [36m0.5841[0m       0.6250        0.9223  0.1474
     11        0.6226       0.5625        0.8720  0.1474
     12        [36m0.5074[0m       0.5625        0.9150  0.1474
     13        [36m0.3802[0m       0.6250        0.9060  0.1473
     14        [36m0.1566[0m       0.4375        1.4122  0.1474
     15        0.1987       0.3750        2.3696  0.1474
     16        0.8806       0.6250        1.4874  0.1473
     17        0.4019       0.4375        1.1129  0.1472
     18        0.6353       0.3750        0.9895  0.1472
     19        0.5577       [32m0.6875[0m        0.6572  0.1473
     20        0.4805       0.3750        0.6612  0.1474
     21        0.3004       0.5000        0.7730  0.1473
     22        [36m0.1412[0m       0.6250        0.8335  0.1472
     23        [36m0.0622[0m       0.4375        1.4847  0.1474
Stopping since valid_loss has not improved in the last 15 epochs.
(20,)
(20, 2, 1)
['species']
Load dataset from ./Data/EW-T2D/species_abundance.csv
Counter({1: 42, 0: 34}) Counter({1: 11, 0: 9})
./results/EW-T2D/FT.csv
OrderedDict([('batch_size', 8), ('lr', 0.0001), ('n_blocks', 6), ('seed', 432), ('mode', 0), ('feature', 'species')])
{'n_blocks': 6, 'last_layer_query_idx': [-1], 'd_out': 1, 'cat_cardinalities': None, 'n_num_features': 269}
269
  epoch    train_loss    valid_acc    valid_loss     dur
-------  ------------  -----------  ------------  ------
      1        [36m0.7150[0m       [32m0.6250[0m        [35m0.6676[0m  0.1475
      2        0.7266       0.3750        0.7362  0.1479
      3        0.7336       0.6250        [35m0.6615[0m  0.1475
      4        [36m0.6913[0m       0.3750        0.7058  0.1474
      5        [36m0.6648[0m       0.6250        [35m0.6563[0m  0.1474
      6        [36m0.6179[0m       0.3750        0.8661  0.1474
      7        [36m0.5564[0m       0.3750        0.9286  0.1474
      8        [36m0.4475[0m       0.3750        1.4317  0.1475
      9        [36m0.3396[0m       [32m0.7500[0m        0.8100  0.1472
     10        [36m0.1083[0m       0.7500        1.1166  0.1473
     11        [36m0.0486[0m       0.3750        2.4885  0.1474
     12        0.9946       0.3750        2.4169  0.1474
     13        0.2966       0.6875        0.7436  0.1474
     14        0.1068       0.5000        1.2657  0.1474
     15        0.0824       0.7500        0.9603  0.1474
     16        [36m0.0484[0m       0.6250        1.0726  0.1474
     17        [36m0.0161[0m       0.6250        1.2951  0.1472
     18        0.0190       0.7500        1.1922  0.1473
     19        [36m0.0146[0m       0.7500        1.2482  0.1474
Stopping since valid_loss has not improved in the last 15 epochs.
(20,)
(20, 2, 1)
['species']
Load dataset from ./Data/EW-T2D/species_abundance.csv
Counter({1: 42, 0: 34}) Counter({1: 11, 0: 9})
./results/EW-T2D/FT.csv
OrderedDict([('batch_size', 8), ('lr', 0.0001), ('n_blocks', 6), ('seed', 452), ('mode', 0), ('feature', 'species')])
{'n_blocks': 6, 'last_layer_query_idx': [-1], 'd_out': 1, 'cat_cardinalities': None, 'n_num_features': 269}
269
  epoch    train_loss    valid_acc    valid_loss     dur
-------  ------------  -----------  ------------  ------
      1        [36m0.7585[0m       [32m0.3750[0m        [35m0.7541[0m  0.1472
      2        [36m0.6889[0m       0.3750        0.7737  0.1477
      3        0.6999       0.3750        [35m0.7201[0m  0.1474
      4        [36m0.6626[0m       0.3750        0.8710  0.1474
      5        0.6654       [32m0.6250[0m        [35m0.6887[0m  0.1473
      6        0.6685       0.3750        0.8329  0.1474
      7        0.7144       0.4375        0.6926  0.1474
      8        [36m0.6579[0m       0.4375        0.7183  0.1474
      9        [36m0.6173[0m       0.4375        0.7260  0.1473
     10        [36m0.5292[0m       0.6250        [35m0.6747[0m  0.1473
     11        [36m0.4824[0m       0.6250        0.8095  0.1473
     12        [36m0.1786[0m       0.6250        1.1861  0.1473
     13        [36m0.1344[0m       0.4375        1.5727  0.1472
     14        [36m0.1149[0m       0.4375        2.3380  0.1473
     15        0.5027       [32m0.6875[0m        1.0026  0.1473
     16        0.1383       0.4375        1.3657  0.1474
     17        [36m0.0807[0m       0.5625        1.3544  0.1474
     18        [36m0.0615[0m       0.5625        1.6103  0.1473
     19        0.1051       0.5625        1.7362  0.1473
     20        [36m0.0484[0m       0.5625        1.8140  0.1490
     21        [36m0.0084[0m       0.4375        2.3227  0.1474
     22        0.0185       0.5625        2.1521  0.1474
     23        [36m0.0049[0m       0.5625        1.8564  0.1473
     24        [36m0.0045[0m       0.6875        1.8046  0.1473
Stopping since valid_loss has not improved in the last 15 epochs.
(20,)
(20, 2, 1)
['species']
Load dataset from ./Data/EW-T2D/species_abundance.csv
Counter({1: 42, 0: 34}) Counter({1: 11, 0: 9})
./results/EW-T2D/FT.csv
OrderedDict([('batch_size', 8), ('lr', 0.0001), ('n_blocks', 6), ('seed', 472), ('mode', 0), ('feature', 'species')])
{'n_blocks': 6, 'last_layer_query_idx': [-1], 'd_out': 1, 'cat_cardinalities': None, 'n_num_features': 269}
269
  epoch    train_loss    valid_acc    valid_loss     dur
-------  ------------  -----------  ------------  ------
      1        [36m0.7799[0m       [32m0.6250[0m        [35m0.6559[0m  0.1473
      2        [36m0.6920[0m       0.3750        0.7137  0.1476
      3        0.7403       0.3750        0.7124  0.1473
      4        0.7730       0.3750        0.7122  0.1473
      5        0.7000       0.6250        0.6618  0.1472
      6        0.7036       0.3750        0.7072  0.1473
      7        0.6921       0.6250        0.6881  0.1485
      8        [36m0.6852[0m       0.6250        0.6633  0.1472
      9        [36m0.6804[0m       0.4375        0.6895  0.1473
     10        0.7228       0.3750        0.6987  0.1472
     11        0.7085       0.6250        [35m0.6499[0m  0.1473
     12        [36m0.6443[0m       0.3750        0.7818  0.1472
     13        [36m0.6254[0m       0.6250        [35m0.6235[0m  0.1473
     14        [36m0.5353[0m       0.6250        0.6408  0.1473
     15        [36m0.4566[0m       0.6250        0.9139  0.1473
     16        [36m0.3435[0m       [32m0.6875[0m        0.7868  0.1472
     17        [36m0.1513[0m       0.6875        1.0491  0.1474
     18        [36m0.0664[0m       0.6250        1.5416  0.1473
     19        [36m0.0521[0m       0.6250        1.2003  0.1472
     20        0.0983       0.6250        1.3366  0.1472
     21        [36m0.0099[0m       0.6250        1.5347  0.1473
     22        [36m0.0056[0m       0.6250        1.6835  0.1473
     23        [36m0.0048[0m       0.6250        1.7602  0.1473
     24        [36m0.0038[0m       0.6250        1.8214  0.1472
     25        [36m0.0031[0m       0.6250        1.8702  0.1473
     26        [36m0.0028[0m       0.6250        1.9134  0.1473
     27        [36m0.0026[0m       0.6250        1.9543  0.1472
Stopping since valid_loss has not improved in the last 15 epochs.
(20,)
(20, 2, 1)
