Wed Dec 24 21:14:10 2025       
+-----------------------------------------------------------------------------------------+
| NVIDIA-SMI 570.86.10              Driver Version: 570.86.10      CUDA Version: 12.8     |
|-----------------------------------------+------------------------+----------------------+
| GPU  Name                 Persistence-M | Bus-Id          Disp.A | Volatile Uncorr. ECC |
| Fan  Temp   Perf          Pwr:Usage/Cap |           Memory-Usage | GPU-Util  Compute M. |
|                                         |                        |               MIG M. |
|=========================================+========================+======================|
|   0  NVIDIA A100-SXM4-40GB          Off |   00000000:31:00.0 Off |                    0 |
| N/A   44C    P0             38W /  400W |       1MiB /  40960MiB |     27%      Default |
|                                         |                        |             Disabled |
+-----------------------------------------+------------------------+----------------------+
                                                                                         
+-----------------------------------------------------------------------------------------+
| Processes:                                                                              |
|  GPU   GI   CI              PID   Type   Process name                        GPU Memory |
|        ID   ID                                                               Usage      |
|=========================================================================================|
|  No running processes found                                                             |
+-----------------------------------------------------------------------------------------+
当前GPU 型号是：NVIDIA A100-SXM4-40GB，可用总显存为：42.406903808 GB
NVIDIA A100-SXM4-40GB
Training configuration: Namespace(gpu=0, disease='AD', feature='ko,species', model_type='GAFT', batch_size=16, learning_rate=0.0001, fusion_layer=2, num_bottleneck=4, n_blocks=4, lmf_hidden_dim=128, lmf_output_dim=256, lmf_rank=4, lmf_dropout=0.1, use_lmf_subnet=True, gat_dim=256, gat_dropout=0.1, finetune_mbt=True, mbt_use_cross_atn=True)
['ko', 'species']
['CRR1012336', 'CRR1012349', 'CRR1012358', 'CRR1012371', 'CRR1012380']
['CRR1012336', 'CRR1012349', 'CRR1012358', 'CRR1012371', 'CRR1012380']
Load dataset from ./Data/AD/ko_abundance.csv
Load dataset from ./Data/AD/species_abundance.csv
训练集: Counter({1: 98, 0: 50}) 测试集: Counter({1: 24, 0: 13})
[Data] GAFT multi-modality shapes -> f1_train: (148, 2258), f2_train: (148, 449); f1_test: (37, 2258), f2_test: (37, 449)

===== Fold 1/5 =====
train f1/f2: (118, 2258) / (118, 449); val f1/f2: (30, 2258) / (30, 449)
[Fold 1] pos_weight=neg/pos = 40/78 -> 0.5128
[FeatureTokenizer.debug] tokens shape: [16, 449, 256] (batch_size, n_tokens, d_token)
[FeatureTokenizer.debug] tokens shape: [16, 2258, 256] (batch_size, n_tokens, d_token)
  epoch    train_loss    valid_acc    valid_auc    valid_loss     dur
-------  ------------  -----------  -----------  ------------  ------
      1        [36m0.5067[0m       [32m0.3333[0m       [35m0.6000[0m        [31m0.4792[0m  3.7545
      2        [36m0.4829[0m       [32m0.6667[0m       [35m0.6300[0m        [31m0.4724[0m  3.1050
      3        0.4852       0.6667       0.6300        [31m0.4669[0m  3.1090
      4        [36m0.4736[0m       0.3333       0.6050        0.4680  3.1170
      5        [36m0.4667[0m       0.3000       0.5850        0.4675  3.1214
      6        0.4740       0.4000       0.6150        [31m0.4663[0m  3.1284
      7        0.4753       0.3667       0.6150        [31m0.4647[0m  3.1320
      8        0.4750       0.3333       0.6150        [31m0.4635[0m  3.1365
      9        [36m0.4654[0m       0.6667       0.6200        0.4652  3.1373
     10        [36m0.4531[0m       0.6000       [35m0.6950[0m        [31m0.4491[0m  3.1380
     11        [36m0.4291[0m       [32m0.7000[0m       [35m0.7650[0m        [31m0.4062[0m  3.1468
     12        [36m0.3408[0m       [32m0.7333[0m       0.7300        0.4888  3.1480
     13        [36m0.2412[0m       0.7333       0.7250        0.5707  3.1564
     14        0.2464       0.3333       0.6450        0.8331  3.1611
     15        [36m0.2040[0m       0.6667       0.5650        0.9091  3.1649
     16        [36m0.1423[0m       0.7000       0.5600        0.8735  3.1693
     17        [36m0.1405[0m       [32m0.7667[0m       0.7100        0.6289  3.1711
     18        [36m0.0552[0m       0.6667       0.5650        1.0976  3.1773
     19        0.0872       0.3333       0.7050        0.8780  3.1806
     20        0.1206       0.3333       0.7050        0.9960  3.1818
     21        0.0671       0.6333       0.6950        0.7192  3.1879
     22        [36m0.0359[0m       0.6667       0.5350        1.2944  3.1916
     23        0.0862       0.4667       0.6900        0.9924  3.1972
     24        0.0477       0.4333       0.6300        1.0591  3.2045
     25        0.0466       0.6333       0.5250        1.0826  3.2052
     26        0.0652       0.6667       0.5350        1.1646  3.2091
     27        [36m0.0193[0m       0.6333       0.6000        1.0612  3.2178
     28        0.0212       0.5333       0.6400        1.0876  3.2135
     29        [36m0.0119[0m       0.5333       0.6700        1.0939  3.2217
     30        0.1220       0.5667       0.6800        1.0659  3.2221
Stopping since valid_auc has not improved in the last 20 epochs.
Test AUC = 0.5769
[Logging] Saved fold 1 result to ./results/AD/GAFT.csv

===== Fold 2/5 =====
train f1/f2: (118, 2258) / (118, 449); val f1/f2: (30, 2258) / (30, 449)
[Fold 2] pos_weight=neg/pos = 40/78 -> 0.5128
[FeatureTokenizer.debug] tokens shape: [16, 449, 256] (batch_size, n_tokens, d_token)
[FeatureTokenizer.debug] tokens shape: [16, 2258, 256] (batch_size, n_tokens, d_token)
  epoch    train_loss    valid_acc    valid_auc    valid_loss     dur
-------  ------------  -----------  -----------  ------------  ------
      1        [36m0.6165[0m       [32m0.6667[0m       [35m0.6500[0m        [31m0.5265[0m  3.2360
      2        [36m0.5348[0m       0.6667       0.6000        [31m0.4760[0m  3.2387
      3        [36m0.4738[0m       0.3333       0.5350        0.4777  3.2474
      4        0.4823       0.3333       0.5150        [31m0.4712[0m  3.3036
      5        [36m0.4681[0m       0.6667       0.4950        [31m0.4693[0m  3.3179
      6        [36m0.4637[0m       0.5667       0.4700        [31m0.4689[0m  3.3418
      7        [36m0.4558[0m       0.5333       0.4950        0.4706  3.3256
      8        [36m0.4430[0m       0.4333       0.4750        0.4917  3.2967
      9        [36m0.4204[0m       0.5000       0.4150        0.6329  3.4609
     10        [36m0.3597[0m       0.5333       0.4950        0.8531  3.4606
     11        [36m0.2745[0m       0.3667       0.5650        0.7928  3.4207
     12        [36m0.2436[0m       0.6667       0.3350        1.0379  3.4445
     13        [36m0.1696[0m       0.5000       0.5000        0.7327  3.4603
     14        [36m0.1193[0m       0.4333       0.4650        1.0711  3.4683
     15        [36m0.0684[0m       0.3667       0.5350        1.0074  3.4493
     16        0.1421       0.6667       0.3600        1.3784  3.4606
     17        0.0816       0.5667       0.4950        1.1849  3.4785
     18        0.1615       0.5000       0.4650        1.1114  3.4960
     19        0.0912       0.5333       0.4400        1.3391  3.5321
     20        [36m0.0419[0m       0.6333       0.3500        1.6196  3.5185
Stopping since valid_auc has not improved in the last 20 epochs.
Test AUC = 0.6186
[Logging] Saved fold 2 result to ./results/AD/GAFT.csv

===== Fold 3/5 =====
train f1/f2: (118, 2258) / (118, 449); val f1/f2: (30, 2258) / (30, 449)
[Fold 3] pos_weight=neg/pos = 40/78 -> 0.5128
[FeatureTokenizer.debug] tokens shape: [16, 449, 256] (batch_size, n_tokens, d_token)
[FeatureTokenizer.debug] tokens shape: [16, 2258, 256] (batch_size, n_tokens, d_token)
  epoch    train_loss    valid_acc    valid_auc    valid_loss     dur
-------  ------------  -----------  -----------  ------------  ------
      1        [36m0.5737[0m       [32m0.3333[0m       [35m0.5300[0m        [31m0.4793[0m  3.5245
      2        [36m0.4758[0m       [32m0.6667[0m       0.5050        [31m0.4732[0m  3.5062
      3        0.4781       0.3333       0.4400        0.4785  3.5421
      4        [36m0.4668[0m       0.6667       0.4650        [31m0.4700[0m  3.5064
      5        0.4691       0.6667       0.4750        0.4717  3.5795
      6        [36m0.4657[0m       0.3333       0.4650        0.4730  3.5536
      7        [36m0.4617[0m       0.4667       0.4650        0.4745  3.5289
      8        [36m0.4577[0m       0.5333       0.4700        0.4786  3.5510
      9        [36m0.4452[0m       0.5333       0.5150        0.4807  3.5534
     10        0.4466       0.4667       0.4400        0.4998  3.5412
     11        0.4526       0.3333       0.4050        0.5456  3.5595
     12        [36m0.4005[0m       0.4000       0.4300        0.5552  3.5457
     13        [36m0.3675[0m       0.5667       [35m0.5400[0m        0.5830  3.5216
     14        [36m0.2045[0m       0.5333       0.4950        0.8645  3.5757
     15        [36m0.1138[0m       0.4333       0.4800        0.5828  3.5354
     16        0.1150       0.4000       0.4650        1.1429  3.5695
     17        0.1176       0.4000       0.4900        0.9634  3.5418
     18        [36m0.0563[0m       0.5333       0.4500        1.2402  3.5596
     19        [36m0.0404[0m       0.5333       0.4650        1.2531  3.5570
     20        0.1023       0.4333       0.4150        1.1381  3.5416
     21        0.0684       0.6000       0.4050        1.4272  3.5890
     22        0.0853       0.5333       0.4050        0.9370  3.5766
     23        [36m0.0192[0m       0.3667       0.5100        0.8543  3.5612
     24        0.0604       0.4667       0.4700        1.0446  3.5778
     25        0.0225       0.5667       0.4450        1.5081  3.5704
     26        [36m0.0162[0m       0.5333       0.5100        1.4852  3.5490
     27        0.0326       0.5333       [35m0.5550[0m        1.5553  3.5581
     28        0.0182       0.5667       0.4900        1.1310  3.5525
     29        0.0500       0.5333       0.4500        1.4567  3.6425
     30        0.0512       0.5000       0.4400        1.3371  3.5812
     31        0.0531       0.5000       0.4350        1.1402  3.5568
     32        0.0167       0.5667       0.4900        1.2759  3.6325
     33        0.0355       0.5667       0.4700        1.2977  3.5774
     34        [36m0.0148[0m       0.5667       [35m0.5750[0m        1.0333  3.5610
     35        0.0246       0.6333       [35m0.6100[0m        1.0381  3.5653
     36        [36m0.0059[0m       0.5667       0.6000        1.0006  3.5447
     37        0.0088       0.5667       0.5900        1.2452  3.5985
     38        [36m0.0040[0m       0.6000       0.5750        1.3753  3.5865
     39        0.0047       0.5667       0.5500        1.1736  3.5690
     40        0.0051       0.5333       0.5300        1.1930  3.5478
     41        [36m0.0020[0m       0.5333       0.5450        1.2666  3.5729
     42        0.0022       0.5667       0.5600        1.3760  3.5690
     43        [36m0.0017[0m       0.5667       0.5600        1.4732  3.5727
     44        0.0023       0.5333       0.5550        1.3632  3.5909
     45        [36m0.0014[0m       0.5000       0.5450        1.3416  3.5728
     46        0.0015       0.5333       0.5700        1.4410  3.5812
     47        0.0014       0.5333       0.5700        1.4380  3.5670
     48        0.0018       0.5667       0.5750        1.4503  3.5768
     49        0.0338       0.6000       0.5700        1.5307  3.5842
     50        0.0397       0.6000       0.5450        1.4377  3.5779
     51        0.0154       0.4667       0.5150        1.0338  3.5765
     52        0.0516       0.5000       0.4700        1.2951  3.5805
     53        0.0318       0.6000       0.5250        1.2572  3.5996
     54        0.0195       0.5667       0.5150        1.2057  3.6065
Stopping since valid_auc has not improved in the last 20 epochs.
Test AUC = 0.5064
[Logging] Saved fold 3 result to ./results/AD/GAFT.csv

===== Fold 4/5 =====
train f1/f2: (119, 2258) / (119, 449); val f1/f2: (29, 2258) / (29, 449)
[Fold 4] pos_weight=neg/pos = 40/79 -> 0.5063
[FeatureTokenizer.debug] tokens shape: [16, 449, 256] (batch_size, n_tokens, d_token)
[FeatureTokenizer.debug] tokens shape: [16, 2258, 256] (batch_size, n_tokens, d_token)
  epoch    train_loss    valid_acc    valid_auc    valid_loss     dur
-------  ------------  -----------  -----------  ------------  ------
      1        [36m0.5307[0m       [32m0.6552[0m       [35m0.4526[0m        [31m0.5084[0m  3.6424
      2        [36m0.4765[0m       0.3448       [35m0.4684[0m        [31m0.4697[0m  3.5890
      3        [36m0.4625[0m       0.3448       0.4579        [31m0.4694[0m  3.6269
      4        0.4673       0.6552       [35m0.4947[0m        0.4696  3.5948
      5        [36m0.4579[0m       0.6552       0.4895        0.4716  3.6191
      6        0.4643       0.6552       0.4789        0.4720  3.6153
      7        0.4587       0.5862       0.4842        0.4707  3.6422
      8        [36m0.4524[0m       0.3793       0.4947        0.4910  3.6025
      9        [36m0.4266[0m       0.5862       0.4579        0.5548  3.6585
     10        [36m0.3815[0m       [32m0.6897[0m       0.4526        0.5247  3.5888
     11        [36m0.2630[0m       0.5517       [35m0.5053[0m        0.8449  3.7236
     12        [36m0.2592[0m       0.6552       0.4579        1.2129  3.5837
     13        [36m0.2501[0m       0.4138       0.4158        0.9000  3.6359
     14        [36m0.1239[0m       0.4138       0.4895        1.0165  3.5849
     15        [36m0.0719[0m       0.4828       [35m0.5579[0m        0.9198  3.5513
     16        [36m0.0656[0m       0.3793       0.5316        0.7407  3.6814
     17        0.1220       [32m0.7241[0m       0.4789        0.9876  3.6138
     18        [36m0.0636[0m       0.7241       0.4842        0.9449  3.5753
     19        0.0907       0.5517       0.5053        1.1228  3.5931
     20        [36m0.0398[0m       0.5517       0.5211        1.1984  3.5133
     21        0.1095       0.6552       0.5105        1.2537  3.4111
     22        0.0506       0.7241       0.5316        1.0734  3.3364
     23        [36m0.0394[0m       0.3793       0.5526        0.9404  3.3606
     24        0.0571       0.6207       [35m0.5632[0m        1.0071  3.3723
     25        [36m0.0320[0m       0.6552       [35m0.5789[0m        1.2442  3.3766
     26        [36m0.0094[0m       0.6207       [35m0.5842[0m        1.3731  3.4639
     27        0.0331       0.7241       0.5158        1.2660  3.4582
     28        0.0127       0.6552       0.5842        1.3322  3.4795
     29        0.0316       0.4138       0.4842        1.2258  3.5165
     30        0.0259       0.6207       0.5579        1.4129  3.5274
     31        0.0327       0.4138       0.5105        1.1447  3.5408
     32        0.0781       0.4483       0.4947        1.2101  3.5318
     33        [36m0.0090[0m       0.5517       0.5000        1.3108  3.5822
     34        0.0150       0.5517       0.5158        1.3146  3.5366
     35        0.0164       0.5517       0.5368        1.4284  3.5168
     36        [36m0.0034[0m       0.6207       0.5263        1.5172  3.5836
     37        0.0054       0.5862       0.5316        1.6293  3.5758
     38        0.0059       0.5862       0.5263        1.5712  3.5686
     39        [36m0.0017[0m       0.5862       0.5263        1.5381  3.5925
     40        [36m0.0017[0m       0.5862       0.5316        1.5405  3.5829
     41        0.0019       0.5862       0.5421        1.5260  3.5666
     42        0.0017       0.5862       0.5368        1.5252  3.5783
     43        [36m0.0014[0m       0.5862       0.5368        1.5241  3.6368
     44        [36m0.0014[0m       0.6207       0.5421        1.5585  3.5652
     45        [36m0.0014[0m       0.5517       0.5263        1.5535  3.5605
Stopping since valid_auc has not improved in the last 20 epochs.
Test AUC = 0.4952
[Logging] Saved fold 4 result to ./results/AD/GAFT.csv

===== Fold 5/5 =====
train f1/f2: (119, 2258) / (119, 449); val f1/f2: (29, 2258) / (29, 449)
[Fold 5] pos_weight=neg/pos = 40/79 -> 0.5063
[FeatureTokenizer.debug] tokens shape: [16, 449, 256] (batch_size, n_tokens, d_token)
[FeatureTokenizer.debug] tokens shape: [16, 2258, 256] (batch_size, n_tokens, d_token)
  epoch    train_loss    valid_acc    valid_auc    valid_loss     dur
-------  ------------  -----------  -----------  ------------  ------
      1        [36m0.6012[0m       [32m0.3448[0m       [35m0.5789[0m        [31m0.5151[0m  3.5678
      2        [36m0.4800[0m       [32m0.6552[0m       0.5684        [31m0.4693[0m  3.5483
      3        0.4963       0.6552       [35m0.6000[0m        0.4894  3.6317
      4        [36m0.4784[0m       0.3448       0.5368        0.4732  3.5665
      5        [36m0.4783[0m       0.3448       0.6000        0.4700  3.5683
      6        [36m0.4748[0m       0.6552       0.5789        [31m0.4687[0m  3.5849
      7        [36m0.4681[0m       0.3448       0.5263        [31m0.4687[0m  3.5778
      8        [36m0.4637[0m       0.6207       0.5211        [31m0.4687[0m  3.5877
      9        [36m0.4572[0m       0.6552       0.5211        0.4800  3.5820
     10        [36m0.4386[0m       0.6552       0.5158        0.4851  3.5649
     11        [36m0.3794[0m       0.6207       [35m0.6105[0m        0.4977  3.7477
     12        [36m0.2829[0m       0.6552       0.5737        0.7560  3.5693
     13        [36m0.2108[0m       0.3793       0.5474        0.6366  3.6017
     14        [36m0.1215[0m       0.4828       0.5684        0.6108  3.5760
     15        [36m0.0972[0m       [32m0.7241[0m       [35m0.6368[0m        1.0288  3.5827
     16        [36m0.0488[0m       0.6207       0.6368        1.1812  3.6003
     17        [36m0.0297[0m       0.6552       0.6368        1.1478  3.5681
     18        0.0672       0.5862       [35m0.6579[0m        1.3614  3.5701
     19        0.1238       0.5517       0.6368        0.9178  3.5245
     20        [36m0.0267[0m       0.7241       0.6053        1.0447  3.6303
     21        0.1467       0.5172       0.5526        1.0777  3.5815
     22        0.0482       0.5862       0.5842        1.0825  3.5854
     23        0.0643       0.6897       0.6158        1.0584  3.5937
     24        0.0782       0.6207       0.5895        1.2161  3.5857
     25        [36m0.0140[0m       0.6552       0.6263        1.1362  3.6266
     26        0.0597       0.5172       0.5526        1.2314  3.5832
     27        [36m0.0120[0m       0.5862       0.5684        1.2332  3.4813
     28        0.0122       0.6897       0.5947        1.2811  3.4492
     29        [36m0.0113[0m       0.6897       0.5842        1.3090  3.5041
     30        0.0259       0.4828       0.5158        1.4155  3.4828
     31        0.0234       0.6897       0.5632        1.2946  3.5078
     32        [36m0.0106[0m       0.6897       0.5737        1.2540  3.4667
     33        [36m0.0091[0m       0.6897       0.5737        1.2650  3.4173
     34        [36m0.0043[0m       0.6897       0.5789        1.2948  3.3579
     35        [36m0.0039[0m       0.6897       0.5842        1.3315  3.3763
     36        0.0746       0.6207       0.5579        1.4172  3.3911
     37        0.0231       0.4828       0.5421        1.5923  3.4578
Stopping since valid_auc has not improved in the last 20 epochs.
Test AUC = 0.5160
[Logging] Saved fold 5 result to ./results/AD/GAFT.csv

===== Test Summary (per-fold models) =====
AUC mean±std: 0.5426 ± 0.0474
Recall mean±std: 0.7583 ± 0.1328
Precision mean±std: 0.6612 ± 0.0119
F1 mean±std: 0.7006 ± 0.0482
[Logging] Saved summary to ./results/AD/GAFT.csv
