Wed Dec 24 17:37:03 2025       
+-----------------------------------------------------------------------------------------+
| NVIDIA-SMI 570.86.10              Driver Version: 570.86.10      CUDA Version: 12.8     |
|-----------------------------------------+------------------------+----------------------+
| GPU  Name                 Persistence-M | Bus-Id          Disp.A | Volatile Uncorr. ECC |
| Fan  Temp   Perf          Pwr:Usage/Cap |           Memory-Usage | GPU-Util  Compute M. |
|                                         |                        |               MIG M. |
|=========================================+========================+======================|
|   0  NVIDIA A100-SXM4-40GB          Off |   00000000:31:00.0 Off |                    0 |
| N/A   46C    P0             40W /  400W |       1MiB /  40960MiB |     27%      Default |
|                                         |                        |             Disabled |
+-----------------------------------------+------------------------+----------------------+
                                                                                         
+-----------------------------------------------------------------------------------------+
| Processes:                                                                              |
|  GPU   GI   CI              PID   Type   Process name                        GPU Memory |
|        ID   ID                                                               Usage      |
|=========================================================================================|
|  No running processes found                                                             |
+-----------------------------------------------------------------------------------------+
当前GPU 型号是：NVIDIA A100-SXM4-40GB，可用总显存为：42.406903808 GB
NVIDIA A100-SXM4-40GB
Training configuration: Namespace(gpu=0, disease='EW-T2D', feature='ko,species', model_type='GAFT', batch_size=16, learning_rate=0.0001, fusion_layer=2, num_bottleneck=4, n_blocks=4, lmf_hidden_dim=128, lmf_output_dim=256, lmf_rank=4, lmf_dropout=0.1, use_lmf_subnet=True, gat_dim=256, gat_dropout=0.1, finetune_mbt=True, mbt_use_cross_atn=True)
['ko', 'species']
['ERR260139', 'ERR260140', 'ERR260144', 'ERR260147', 'ERR260149']
['ERR260139', 'ERR260140', 'ERR260144', 'ERR260147', 'ERR260149']
Load dataset from ./Data/EW-T2D/ko_abundance.csv
Load dataset from ./Data/EW-T2D/species_abundance.csv
训练集: Counter({1: 42, 0: 34}) 测试集: Counter({1: 11, 0: 9})
[Data] GAFT multi-modality shapes -> f1_train: (76, 1315), f2_train: (76, 269); f1_test: (20, 1315), f2_test: (20, 269)

===== Fold 1/5 =====
train f1/f2: (60, 1315) / (60, 269); val f1/f2: (16, 1315) / (16, 269)
[Fold 1] pos_weight=neg/pos = 27/33 -> 0.8182
[FeatureTokenizer.debug] tokens shape: [16, 269, 256] (batch_size, n_tokens, d_token)
[FeatureTokenizer.debug] tokens shape: [16, 1315, 256] (batch_size, n_tokens, d_token)
  epoch    train_loss    valid_acc    valid_auc    valid_loss     dur
-------  ------------  -----------  -----------  ------------  ------
      1        [36m0.8067[0m       [32m0.4375[0m       [35m0.5714[0m        [31m0.7838[0m  2.7495
      2        [36m0.6681[0m       0.4375       [35m0.6667[0m        [31m0.6215[0m  0.6594
      3        [36m0.6488[0m       [32m0.5625[0m       [35m0.6825[0m        0.6424  0.6607
      4        [36m0.6412[0m       0.5625       [35m0.6984[0m        0.6284  0.6604
      5        [36m0.6283[0m       0.5625       0.6984        [31m0.6101[0m  0.6607
      6        [36m0.6110[0m       0.4375       0.6984        [31m0.6099[0m  0.6625
      7        0.6157       0.4375       [35m0.7143[0m        [31m0.6075[0m  0.6654
      8        [36m0.5980[0m       [32m0.7500[0m       0.7143        [31m0.5912[0m  0.6616
      9        [36m0.5964[0m       0.6875       0.7143        [31m0.5776[0m  0.6647
     10        [36m0.5695[0m       0.6875       [35m0.7302[0m        [31m0.5601[0m  0.6642
     11        [36m0.5516[0m       0.6875       0.6984        [31m0.5540[0m  0.6638
     12        [36m0.5206[0m       0.7500       0.6825        0.5604  0.6668
     13        [36m0.4525[0m       0.6250       0.6508        0.6191  0.6664
     14        [36m0.3656[0m       0.6875       0.6667        0.7136  0.6651
     15        [36m0.3288[0m       0.5625       0.5714        1.0986  0.6669
     16        0.4194       0.5625       0.6984        0.9973  0.6655
     17        [36m0.3176[0m       0.5000       0.5873        0.9904  0.6657
     18        [36m0.1856[0m       0.5625       0.5873        1.0763  0.6671
     19        0.2264       0.6250       0.6508        0.6327  0.6668
     20        0.2274       0.5000       0.5714        0.8511  0.6666
     21        [36m0.0733[0m       0.5000       0.5556        1.1888  0.6665
     22        0.1109       0.5000       0.6032        1.2039  0.6678
     23        [36m0.0299[0m       0.6250       0.6190        1.1291  0.6668
     24        [36m0.0139[0m       0.6250       0.5556        1.2667  0.6704
     25        0.0313       0.5625       0.6508        1.2732  0.6688
     26        0.0198       0.6250       0.6984        1.2389  0.6684
     27        [36m0.0082[0m       0.6250       0.6508        1.2690  0.6679
     28        0.0171       0.5625       0.5397        1.6263  0.6689
     29        0.0110       0.4375       0.4127        1.4587  0.6679
Stopping since valid_auc has not improved in the last 20 epochs.
Test AUC = 0.8990
[Logging] Saved fold 1 result to ./results/EW-T2D/GAFT.csv

===== Fold 2/5 =====
train f1/f2: (61, 1315) / (61, 269); val f1/f2: (15, 1315) / (15, 269)
[Fold 2] pos_weight=neg/pos = 28/33 -> 0.8485
[FeatureTokenizer.debug] tokens shape: [16, 269, 256] (batch_size, n_tokens, d_token)
[FeatureTokenizer.debug] tokens shape: [16, 1315, 256] (batch_size, n_tokens, d_token)
  epoch    train_loss    valid_acc    valid_auc    valid_loss     dur
-------  ------------  -----------  -----------  ------------  ------
      1        [36m0.7093[0m       [32m0.6000[0m       [35m0.5185[0m        [31m0.6263[0m  0.6745
      2        [36m0.6359[0m       0.4000       [35m0.5370[0m        0.6622  0.6772
      3        0.6554       0.4000       [35m0.6296[0m        0.6756  0.6756
      4        0.6452       0.4000       [35m0.6481[0m        0.6305  0.6756
      5        [36m0.6340[0m       0.6000       [35m0.6852[0m        [31m0.6179[0m  0.6761
      6        0.6367       [32m0.6667[0m       [35m0.7037[0m        [31m0.6177[0m  0.6767
      7        [36m0.6169[0m       0.6000       [35m0.7407[0m        [31m0.6160[0m  0.6769
      8        [36m0.6042[0m       0.6000       0.7407        [31m0.6103[0m  0.6767
      9        [36m0.5924[0m       0.6000       0.7222        [31m0.6045[0m  0.6784
     10        [36m0.5729[0m       0.5333       0.6296        0.6122  0.6796
     11        [36m0.4994[0m       0.5333       0.5185        0.6606  0.6797
     12        [36m0.4709[0m       0.6000       0.5556        0.6710  0.6790
     13        [36m0.3831[0m       0.4667       0.5000        0.7543  0.6805
     14        [36m0.3256[0m       0.4000       0.3704        0.9641  0.6796
     15        [36m0.2687[0m       0.4000       0.2963        1.2356  0.6800
     16        [36m0.2073[0m       0.2667       0.3148        1.3315  0.6817
     17        [36m0.1570[0m       0.5333       0.4259        1.4076  0.6810
     18        [36m0.0726[0m       0.4667       0.3519        1.7923  0.6790
     19        [36m0.0484[0m       0.5333       0.4074        2.0082  0.6808
     20        [36m0.0310[0m       0.4000       0.4074        1.8150  0.6817
     21        0.2615       0.3333       0.3148        1.4765  0.6818
     22        0.2037       0.4000       0.3704        1.2855  0.6810
     23        0.2075       0.5333       0.5185        1.1531  0.6823
     24        0.0820       0.6000       0.4630        1.6062  0.6823
     25        0.0313       0.6000       0.4630        1.6647  0.6826
     26        0.0594       0.6000       0.4630        1.5697  0.6819
Stopping since valid_auc has not improved in the last 20 epochs.
Test AUC = 0.9394
[Logging] Saved fold 2 result to ./results/EW-T2D/GAFT.csv

===== Fold 3/5 =====
train f1/f2: (61, 1315) / (61, 269); val f1/f2: (15, 1315) / (15, 269)
[Fold 3] pos_weight=neg/pos = 27/34 -> 0.7941
[FeatureTokenizer.debug] tokens shape: [16, 269, 256] (batch_size, n_tokens, d_token)
[FeatureTokenizer.debug] tokens shape: [16, 1315, 256] (batch_size, n_tokens, d_token)
  epoch    train_loss    valid_acc    valid_auc    valid_loss     dur
-------  ------------  -----------  -----------  ------------  ------
      1        [36m0.9001[0m       [32m0.5333[0m       [35m0.3393[0m        [31m0.6255[0m  0.6797
      2        [36m0.6478[0m       0.5333       [35m0.5179[0m        0.7207  0.6807
      3        0.6541       0.5333       [35m0.5357[0m        0.6309  0.6817
      4        [36m0.5955[0m       0.5333       0.5357        [31m0.6158[0m  0.6813
      5        [36m0.5837[0m       0.4667       [35m0.5536[0m        0.6235  0.6834
      6        [36m0.5708[0m       0.5333       0.5536        0.6367  0.6813
      7        [36m0.5327[0m       [32m0.6000[0m       [35m0.5714[0m        0.6193  0.6838
      8        [36m0.5122[0m       0.4667       0.5536        0.7929  0.6813
      9        [36m0.4985[0m       0.4667       [35m0.6250[0m        0.8244  0.6850
     10        [36m0.4923[0m       0.6000       [35m0.6607[0m        0.6481  0.6812
     11        [36m0.4273[0m       0.5333       0.6607        0.8177  0.6824
     12        [36m0.3708[0m       0.4667       [35m0.6607[0m        0.8439  0.6833
     13        [36m0.3598[0m       0.5333       [35m0.7143[0m        0.7347  0.6814
     14        [36m0.3257[0m       0.6000       0.7143        0.6992  0.6819
     15        [36m0.2957[0m       [32m0.7333[0m       0.7143        0.9653  0.6859
     16        [36m0.1999[0m       0.6667       0.6964        1.1243  0.6835
     17        [36m0.1443[0m       0.6667       0.6964        0.7821  0.6838
     18        [36m0.1288[0m       0.6000       0.5714        1.3177  0.6852
     19        [36m0.0618[0m       0.6000       0.5893        1.3858  0.6840
     20        0.1172       0.6000       0.5536        1.2953  0.6859
     21        [36m0.0322[0m       0.6000       0.7143        0.9343  0.6863
     22        0.0410       0.6667       [35m0.7321[0m        0.9267  0.6866
     23        0.0713       0.7333       [35m0.7679[0m        0.9621  0.6849
     24        [36m0.0226[0m       0.6667       0.7500        1.1058  0.6847
     25        [36m0.0151[0m       0.6667       0.6964        1.2756  0.6870
     26        0.0250       0.6667       0.7143        1.2447  0.6867
     27        [36m0.0081[0m       0.6667       0.7321        1.0614  0.6874
     28        0.0443       0.6667       0.6786        1.4738  0.6872
     29        0.0255       0.7333       0.7143        1.1109  0.6869
     30        0.0442       0.7333       0.7321        1.3010  0.6879
     31        0.0170       0.6000       [35m0.7857[0m        1.1451  0.6880
     32        0.0231       0.6000       0.6964        1.5070  0.6841
     33        0.0272       0.6000       0.6786        1.4361  0.6863
     34        0.1139       0.6000       0.7321        0.8794  0.6881
     35        0.0436       0.5333       0.7143        0.7675  0.6886
     36        0.0394       0.5333       0.7143        0.7222  0.6890
     37        0.1634       0.6000       0.7143        0.7014  0.6876
     38        0.0500       0.6667       0.5893        1.3569  0.6880
     39        0.0258       0.6667       0.5893        1.4845  0.6871
     40        0.0947       0.6667       0.5893        1.4973  0.6877
     41        0.0241       0.6667       0.6250        1.4371  0.6911
     42        0.0081       0.6667       0.6429        1.4175  0.6894
     43        [36m0.0057[0m       0.6667       0.6250        1.4974  0.6891
     44        0.0086       0.6667       0.6429        1.5359  0.6900
     45        0.0167       0.6667       0.6607        1.5468  0.6907
     46        0.0581       0.6667       0.6964        1.4304  0.6921
     47        [36m0.0045[0m       0.7333       0.7321        1.3051  0.6932
     48        0.0282       0.6000       0.6964        1.5998  0.6905
     49        0.0505       0.4667       0.6071        1.4049  0.6911
     50        0.0364       0.5333       0.6607        1.5817  0.6913
Stopping since valid_auc has not improved in the last 20 epochs.
Test AUC = 0.9091
[Logging] Saved fold 3 result to ./results/EW-T2D/GAFT.csv

===== Fold 4/5 =====
train f1/f2: (61, 1315) / (61, 269); val f1/f2: (15, 1315) / (15, 269)
[Fold 4] pos_weight=neg/pos = 27/34 -> 0.7941
[FeatureTokenizer.debug] tokens shape: [16, 269, 256] (batch_size, n_tokens, d_token)
[FeatureTokenizer.debug] tokens shape: [16, 1315, 256] (batch_size, n_tokens, d_token)
  epoch    train_loss    valid_acc    valid_auc    valid_loss     dur
-------  ------------  -----------  -----------  ------------  ------
      1        [36m0.9338[0m       [32m0.4667[0m       [35m0.5893[0m        [31m0.6148[0m  0.6889
      2        [36m0.6088[0m       0.4667       [35m0.7143[0m        0.6576  0.6901
      3        0.6515       0.4667       0.6786        0.6187  0.6887
      4        0.6221       [32m0.5333[0m       0.6071        0.6159  0.6914
      5        0.6262       0.5333       0.6429        0.6213  0.6914
      6        [36m0.6009[0m       [32m0.6000[0m       0.6429        [31m0.6127[0m  0.6927
      7        [36m0.5962[0m       0.6000       0.6429        [31m0.6001[0m  0.6926
      8        [36m0.5823[0m       [32m0.6667[0m       0.7143        [31m0.5852[0m  0.6931
      9        [36m0.5462[0m       0.6667       [35m0.7321[0m        [31m0.5647[0m  0.6931
     10        [36m0.5434[0m       0.6000       [35m0.8036[0m        [31m0.5182[0m  0.6883
     11        [36m0.4482[0m       0.6667       0.8036        [31m0.4890[0m  0.6896
     12        [36m0.3599[0m       [32m0.8000[0m       0.7679        [31m0.4848[0m  0.6932
     13        [36m0.3423[0m       0.6667       0.6786        0.8728  0.6934
     14        0.4401       0.6000       0.7500        0.9196  0.6934
     15        [36m0.2303[0m       0.5333       0.7679        0.7194  0.6940
     16        [36m0.1810[0m       0.5333       0.7857        0.9219  0.6930
     17        [36m0.0817[0m       0.8000       [35m0.8036[0m        [31m0.4708[0m  0.6931
     18        [36m0.0788[0m       0.4667       0.7857        0.8412  0.6911
     19        0.1032       0.6667       0.7143        0.9547  0.6940
     20        [36m0.0593[0m       0.7333       0.7500        0.8238  0.6944
     21        0.0729       0.7333       0.7321        0.9673  0.6956
     22        [36m0.0196[0m       0.6000       0.6964        1.0178  0.6945
     23        0.0529       0.4667       0.6429        1.2420  0.6952
     24        [36m0.0115[0m       0.4667       0.6964        1.3679  0.6954
     25        0.0240       0.6000       0.6429        1.1043  0.6955
     26        0.0358       0.5333       0.6786        1.3648  0.6943
     27        0.0546       0.4667       0.6786        1.1924  0.6956
     28        0.0702       0.5333       0.6786        1.2051  0.6963
     29        0.0140       0.5333       0.6607        1.1858  0.6950
     30        0.0504       0.7333       0.7143        0.9402  0.6976
     31        [36m0.0078[0m       0.6667       0.7321        1.3323  0.6970
     32        0.0523       0.6667       0.7321        1.3966  0.6959
     33        0.1114       0.7333       0.7321        1.4657  0.7006
     34        0.0264       0.7333       0.7143        1.4292  0.6999
     35        0.0192       0.6000       0.6429        1.1052  0.6926
     36        0.0623       0.5333       0.6250        1.1686  0.6984
Stopping since valid_auc has not improved in the last 20 epochs.
Test AUC = 0.8990
[Logging] Saved fold 4 result to ./results/EW-T2D/GAFT.csv

===== Fold 5/5 =====
train f1/f2: (61, 1315) / (61, 269); val f1/f2: (15, 1315) / (15, 269)
[Fold 5] pos_weight=neg/pos = 27/34 -> 0.7941
[FeatureTokenizer.debug] tokens shape: [16, 269, 256] (batch_size, n_tokens, d_token)
[FeatureTokenizer.debug] tokens shape: [16, 1315, 256] (batch_size, n_tokens, d_token)
  epoch    train_loss    valid_acc    valid_auc    valid_loss     dur
-------  ------------  -----------  -----------  ------------  ------
      1        [36m1.0194[0m       [32m0.4667[0m       [35m0.4286[0m        [31m0.6692[0m  0.6958
      2        [36m0.7013[0m       0.4667       0.4286        [31m0.6639[0m  0.6963
      3        [36m0.6554[0m       [32m0.5333[0m       [35m0.8036[0m        [31m0.6170[0m  0.6979
      4        [36m0.6027[0m       0.5333       [35m0.9821[0m        0.6298  0.6938
      5        0.6269       0.5333       0.9821        0.6220  0.6967
      6        0.6039       0.5333       0.9464        [31m0.6140[0m  0.6979
      7        0.6177       0.5333       0.9286        [31m0.6056[0m  0.6987
      8        0.6046       0.4667       0.8929        [31m0.6024[0m  0.6988
      9        [36m0.6008[0m       [32m0.7333[0m       0.8750        [31m0.5995[0m  0.6992
     10        [36m0.5881[0m       [32m0.8000[0m       0.8750        [31m0.5904[0m  0.7001
     11        [36m0.5693[0m       0.6667       0.8750        [31m0.5752[0m  0.7008
     12        [36m0.5400[0m       0.7333       0.8571        [31m0.5251[0m  0.7020
     13        [36m0.4598[0m       0.6000       0.8750        [31m0.4923[0m  0.7301
     14        [36m0.3687[0m       0.6000       0.8214        0.6133  0.7374
     15        [36m0.2358[0m       0.6667       0.8571        0.5856  0.7233
     16        [36m0.1948[0m       0.7333       0.7500        0.7160  0.7139
     17        [36m0.0705[0m       0.5333       0.6786        1.2113  0.7124
     18        0.1167       0.6000       0.9464        0.9894  0.7127
     19        0.0866       0.6667       0.8929        0.7813  0.7120
     20        [36m0.0444[0m       0.5333       0.7679        0.8248  0.7133
     21        [36m0.0241[0m       0.5333       0.7321        1.0517  0.7120
     22        0.1425       0.6667       0.7679        0.9241  0.7200
     23        0.0251       0.6667       0.7500        0.9420  0.7217
Stopping since valid_auc has not improved in the last 20 epochs.
Test AUC = 0.9192
[Logging] Saved fold 5 result to ./results/EW-T2D/GAFT.csv

===== Test Summary (per-fold models) =====
AUC mean±std: 0.9131 ± 0.0151
Recall mean±std: 0.9273 ± 0.0680
Precision mean±std: 0.7876 ± 0.1442
F1 mean±std: 0.8385 ± 0.0680
[Logging] Saved summary to ./results/EW-T2D/GAFT.csv
